Archive member included to satisfy reference by file (symbol)

/usr/lib/gcc/arm-none-eabi/12.2.0/../../../../arm-none-eabi/lib/thumb/v7e-m/nofp/libm.a(lib_a-wf_pow.o)
                              CMakeFiles/VFDFFT-Firmware.elf.dir/Core/Src/opt3001.cpp.obj (powf)
/usr/lib/gcc/arm-none-eabi/12.2.0/../../../../arm-none-eabi/lib/thumb/v7e-m/nofp/libm.a(lib_a-ef_pow.o)
                              /usr/lib/gcc/arm-none-eabi/12.2.0/../../../../arm-none-eabi/lib/thumb/v7e-m/nofp/libm.a(lib_a-wf_pow.o) (__ieee754_powf)
/usr/lib/gcc/arm-none-eabi/12.2.0/../../../../arm-none-eabi/lib/thumb/v7e-m/nofp/libm.a(lib_a-ef_sqrt.o)
                              /usr/lib/gcc/arm-none-eabi/12.2.0/../../../../arm-none-eabi/lib/thumb/v7e-m/nofp/libm.a(lib_a-ef_pow.o) (__ieee754_sqrtf)
/usr/lib/gcc/arm-none-eabi/12.2.0/../../../../arm-none-eabi/lib/thumb/v7e-m/nofp/libm.a(lib_a-math_errf.o)
                              /usr/lib/gcc/arm-none-eabi/12.2.0/../../../../arm-none-eabi/lib/thumb/v7e-m/nofp/libm.a(lib_a-ef_pow.o) (__math_uflowf)
/usr/lib/gcc/arm-none-eabi/12.2.0/../../../../arm-none-eabi/lib/thumb/v7e-m/nofp/libm.a(lib_a-sf_fabs.o)
                              /usr/lib/gcc/arm-none-eabi/12.2.0/../../../../arm-none-eabi/lib/thumb/v7e-m/nofp/libm.a(lib_a-ef_pow.o) (fabsf)
/usr/lib/gcc/arm-none-eabi/12.2.0/../../../../arm-none-eabi/lib/thumb/v7e-m/nofp/libm.a(lib_a-sf_finite.o)
                              /usr/lib/gcc/arm-none-eabi/12.2.0/../../../../arm-none-eabi/lib/thumb/v7e-m/nofp/libm.a(lib_a-wf_pow.o) (finitef)
/usr/lib/gcc/arm-none-eabi/12.2.0/../../../../arm-none-eabi/lib/thumb/v7e-m/nofp/libm.a(lib_a-sf_scalbn.o)
                              /usr/lib/gcc/arm-none-eabi/12.2.0/../../../../arm-none-eabi/lib/thumb/v7e-m/nofp/libm.a(lib_a-ef_pow.o) (scalbnf)
/usr/lib/gcc/arm-none-eabi/12.2.0/thumb/v7e-m/nofp/libgcc.a(_arm_muldf3.o)
                              CMakeFiles/VFDFFT-Firmware.elf.dir/Core/Src/hdc1080.cpp.obj (__aeabi_dmul)
/usr/lib/gcc/arm-none-eabi/12.2.0/thumb/v7e-m/nofp/libgcc.a(_arm_mulsf3.o)
                              CMakeFiles/VFDFFT-Firmware.elf.dir/Core/Src/hdc1080.cpp.obj (__aeabi_fmul)
/usr/lib/gcc/arm-none-eabi/12.2.0/thumb/v7e-m/nofp/libgcc.a(_arm_addsubdf3.o)
                              CMakeFiles/VFDFFT-Firmware.elf.dir/Core/Src/hdc1080.cpp.obj (__aeabi_i2d)
/usr/lib/gcc/arm-none-eabi/12.2.0/thumb/v7e-m/nofp/libgcc.a(_arm_fixunsdfsi.o)
                              CMakeFiles/VFDFFT-Firmware.elf.dir/Core/Src/hdc1080.cpp.obj (__aeabi_d2uiz)
/usr/lib/gcc/arm-none-eabi/12.2.0/thumb/v7e-m/nofp/libgcc.a(_arm_truncdfsf2.o)
                              CMakeFiles/VFDFFT-Firmware.elf.dir/Core/Src/opt3001.cpp.obj (__aeabi_d2f)
/usr/lib/gcc/arm-none-eabi/12.2.0/thumb/v7e-m/nofp/libgcc.a(_arm_addsubsf3.o)
                              CMakeFiles/VFDFFT-Firmware.elf.dir/Core/Src/hdc1080.cpp.obj (__aeabi_fsub)
/usr/lib/gcc/arm-none-eabi/12.2.0/thumb/v7e-m/nofp/libgcc.a(_arm_muldivsf3.o)
                              /usr/lib/gcc/arm-none-eabi/12.2.0/../../../../arm-none-eabi/lib/thumb/v7e-m/nofp/libm.a(lib_a-ef_pow.o) (__aeabi_fdiv)
/usr/lib/gcc/arm-none-eabi/12.2.0/thumb/v7e-m/nofp/libgcc.a(_arm_cmpsf2.o)
                              /usr/lib/gcc/arm-none-eabi/12.2.0/../../../../arm-none-eabi/lib/thumb/v7e-m/nofp/libm.a(lib_a-wf_pow.o) (__aeabi_fcmpeq)
/usr/lib/gcc/arm-none-eabi/12.2.0/thumb/v7e-m/nofp/libgcc.a(_arm_unordsf2.o)
                              /usr/lib/gcc/arm-none-eabi/12.2.0/../../../../arm-none-eabi/lib/thumb/v7e-m/nofp/libm.a(lib_a-wf_pow.o) (__aeabi_fcmpun)
/usr/lib/gcc/arm-none-eabi/12.2.0/thumb/v7e-m/nofp/libgcc.a(_aeabi_uldivmod.o)
                              CMakeFiles/VFDFFT-Firmware.elf.dir/Drivers/STM32F4xx_HAL_Driver/Src/stm32f4xx_hal_rcc.c.obj (__aeabi_uldivmod)
/usr/lib/gcc/arm-none-eabi/12.2.0/thumb/v7e-m/nofp/libgcc.a(_udivmoddi4.o)
                              /usr/lib/gcc/arm-none-eabi/12.2.0/thumb/v7e-m/nofp/libgcc.a(_aeabi_uldivmod.o) (__udivmoddi4)
/usr/lib/gcc/arm-none-eabi/12.2.0/thumb/v7e-m/nofp/libgcc.a(unwind-arm.o)
                              CMakeFiles/VFDFFT-Firmware.elf.dir/Core/Src/gp1287bi.cpp.obj (__aeabi_unwind_cpp_pr0)
/usr/lib/gcc/arm-none-eabi/12.2.0/thumb/v7e-m/nofp/libgcc.a(libunwind.o)
                              /usr/lib/gcc/arm-none-eabi/12.2.0/thumb/v7e-m/nofp/libgcc.a(unwind-arm.o) (restore_core_regs)
/usr/lib/gcc/arm-none-eabi/12.2.0/thumb/v7e-m/nofp/libgcc.a(pr-support.o)
                              /usr/lib/gcc/arm-none-eabi/12.2.0/thumb/v7e-m/nofp/libgcc.a(unwind-arm.o) (__gnu_unwind_execute)
/usr/lib/gcc/arm-none-eabi/12.2.0/thumb/v7e-m/nofp/libgcc.a(_dvmd_tls.o)
                              /usr/lib/gcc/arm-none-eabi/12.2.0/thumb/v7e-m/nofp/libgcc.a(_aeabi_uldivmod.o) (__aeabi_ldiv0)
/usr/lib/gcc/arm-none-eabi/12.2.0/../../../../arm-none-eabi/lib/thumb/v7e-m/nofp/libg.a(lib_a-abort.o)
                              /usr/lib/gcc/arm-none-eabi/12.2.0/thumb/v7e-m/nofp/libgcc.a(unwind-arm.o) (abort)
[...]
Memory Configuration

Name             Origin             Length             Attributes
RAM              0x0000000020000000 0x0000000000020000 xrw
FLASH            0x0000000008000000 0x0000000000080000 xr
*default*        0x0000000000000000 0xffffffffffffffff

Linker script and memory map

LOAD /usr/lib/gcc/arm-none-eabi/12.2.0/thumb/v7e-m/nofp/crti.o
LOAD /usr/lib/gcc/arm-none-eabi/12.2.0/thumb/v7e-m/nofp/crtbegin.o
LOAD /usr/lib/gcc/arm-none-eabi/12.2.0/../../../../arm-none-eabi/lib/thumb/v7e-m/nofp/crt0.o
LOAD CMakeFiles/VFDFFT-Firmware.elf.dir/Core/Src/dac.c.obj
LOAD CMakeFiles/VFDFFT-Firmware.elf.dir/Core/Src/dma.c.obj
LOAD CMakeFiles/VFDFFT-Firmware.elf.dir/Core/Src/es9023.cpp.obj
LOAD CMakeFiles/VFDFFT-Firmware.elf.dir/Core/Src/gp1287bi.cpp.obj
LOAD CMakeFiles/VFDFFT-Firmware.elf.dir/Core/Src/gpio.c.obj
LOAD CMakeFiles/VFDFFT-Firmware.elf.dir/Core/Src/hdc1080.cpp.obj
LOAD CMakeFiles/VFDFFT-Firmware.elf.dir/Core/Src/i2c.c.obj
LOAD CMakeFiles/VFDFFT-Firmware.elf.dir/Core/Src/i2s.c.obj
LOAD CMakeFiles/VFDFFT-Firmware.elf.dir/Core/Src/main.c.obj
LOAD CMakeFiles/VFDFFT-Firmware.elf.dir/Core/Src/opt3001.cpp.obj
LOAD CMakeFiles/VFDFFT-Firmware.elf.dir/Core/Src/quadspi.c.obj
LOAD CMakeFiles/VFDFFT-Firmware.elf.dir/Core/Src/sdio.c.obj
LOAD CMakeFiles/VFDFFT-Firmware.elf.dir/Core/Src/spi.c.obj
LOAD CMakeFiles/VFDFFT-Firmware.elf.dir/Core/Src/stm32f4xx_hal_msp.c.obj
LOAD CMakeFiles/VFDFFT-Firmware.elf.dir/Core/Src/stm32f4xx_it.c.obj
LOAD CMakeFiles/VFDFFT-Firmware.elf.dir/Core/Src/syscalls.c.obj
LOAD CMakeFiles/VFDFFT-Firmware.elf.dir/Core/Src/system_stm32f4xx.c.obj
LOAD CMakeFiles/VFDFFT-Firmware.elf.dir/Core/Src/usart.c.obj
LOAD CMakeFiles/VFDFFT-Firmware.elf.dir/Core/Src/usb_otg.c.obj
LOAD CMakeFiles/VFDFFT-Firmware.elf.dir/Core/Src/w25q128.cpp.obj
LOAD CMakeFiles/VFDFFT-Firmware.elf.dir/Drivers/STM32F4xx_HAL_Driver/Src/stm32f4xx_hal.c.obj
LOAD CMakeFiles/VFDFFT-Firmware.elf.dir/Drivers/STM32F4xx_HAL_Driver/Src/stm32f4xx_hal_cortex.c.obj
LOAD CMakeFiles/VFDFFT-Firmware.elf.dir/Drivers/STM32F4xx_HAL_Driver/Src/stm32f4xx_hal_dac.c.obj
LOAD CMakeFiles/VFDFFT-Firmware.elf.dir/Drivers/STM32F4xx_HAL_Driver/Src/stm32f4xx_hal_dac_ex.c.obj
LOAD CMakeFiles/VFDFFT-Firmware.elf.dir/Drivers/STM32F4xx_HAL_Driver/Src/stm32f4xx_hal_dma.c.obj
LOAD CMakeFiles/VFDFFT-Firmware.elf.dir/Drivers/STM32F4xx_HAL_Driver/Src/stm32f4xx_hal_dma_ex.c.obj
LOAD CMakeFiles/VFDFFT-Firmware.elf.dir/Drivers/STM32F4xx_HAL_Driver/Src/stm32f4xx_hal_exti.c.obj
LOAD CMakeFiles/VFDFFT-Firmware.elf.dir/Drivers/STM32F4xx_HAL_Driver/Src/stm32f4xx_hal_flash.c.obj
LOAD CMakeFiles/VFDFFT-Firmware.elf.dir/Drivers/STM32F4xx_HAL_Driver/Src/stm32f4xx_hal_flash_ex.c.obj
LOAD CMakeFiles/VFDFFT-Firmware.elf.dir/Drivers/STM32F4xx_HAL_Driver/Src/stm32f4xx_hal_flash_ramfunc.c.obj
LOAD CMakeFiles/VFDFFT-Firmware.elf.dir/Drivers/STM32F4xx_HAL_Driver/Src/stm32f4xx_hal_gpio.c.obj
LOAD CMakeFiles/VFDFFT-Firmware.elf.dir/Drivers/STM32F4xx_HAL_Driver/Src/stm32f4xx_hal_hcd.c.obj
LOAD CMakeFiles/VFDFFT-Firmware.elf.dir/Drivers/STM32F4xx_HAL_Driver/Src/stm32f4xx_hal_i2c.c.obj
LOAD CMakeFiles/VFDFFT-Firmware.elf.dir/Drivers/STM32F4xx_HAL_Driver/Src/stm32f4xx_hal_i2c_ex.c.obj
LOAD CMakeFiles/VFDFFT-Firmware.elf.dir/Drivers/STM32F4xx_HAL_Driver/Src/stm32f4xx_hal_i2s.c.obj
LOAD CMakeFiles/VFDFFT-Firmware.elf.dir/Drivers/STM32F4xx_HAL_Driver/Src/stm32f4xx_hal_i2s_ex.c.obj
LOAD CMakeFiles/VFDFFT-Firmware.elf.dir/Drivers/STM32F4xx_HAL_Driver/Src/stm32f4xx_hal_pwr.c.obj
LOAD CMakeFiles/VFDFFT-Firmware.elf.dir/Drivers/STM32F4xx_HAL_Driver/Src/stm32f4xx_hal_pwr_ex.c.obj
LOAD CMakeFiles/VFDFFT-Firmware.elf.dir/Drivers/STM32F4xx_HAL_Driver/Src/stm32f4xx_hal_qspi.c.obj
LOAD CMakeFiles/VFDFFT-Firmware.elf.dir/Drivers/STM32F4xx_HAL_Driver/Src/stm32f4xx_hal_rcc.c.obj
LOAD CMakeFiles/VFDFFT-Firmware.elf.dir/Drivers/STM32F4xx_HAL_Driver/Src/stm32f4xx_hal_rcc_ex.c.obj
LOAD CMakeFiles/VFDFFT-Firmware.elf.dir/Drivers/STM32F4xx_HAL_Driver/Src/stm32f4xx_hal_sd.c.obj
LOAD CMakeFiles/VFDFFT-Firmware.elf.dir/Drivers/STM32F4xx_HAL_Driver/Src/stm32f4xx_hal_spi.c.obj
LOAD CMakeFiles/VFDFFT-Firmware.elf.dir/Drivers/STM32F4xx_HAL_Driver/Src/stm32f4xx_hal_tim.c.obj
LOAD CMakeFiles/VFDFFT-Firmware.elf.dir/Drivers/STM32F4xx_HAL_Driver/Src/stm32f4xx_hal_tim_ex.c.obj
LOAD CMakeFiles/VFDFFT-Firmware.elf.dir/Drivers/STM32F4xx_HAL_Driver/Src/stm32f4xx_hal_uart.c.obj
LOAD CMakeFiles/VFDFFT-Firmware.elf.dir/Drivers/STM32F4xx_HAL_Driver/Src/stm32f4xx_ll_sdmmc.c.obj
LOAD CMakeFiles/VFDFFT-Firmware.elf.dir/Drivers/STM32F4xx_HAL_Driver/Src/stm32f4xx_ll_usb.c.obj
LOAD CMakeFiles/VFDFFT-Firmware.elf.dir/startup/startup_stm32f446xx.s.obj
LOAD /usr/lib/gcc/arm-none-eabi/12.2.0/../../../../arm-none-eabi/lib/thumb/v7e-m/nofp/libstdc++.a
LOAD /usr/lib/gcc/arm-none-eabi/12.2.0/../../../../arm-none-eabi/lib/thumb/v7e-m/nofp/libm.a
START GROUP
LOAD /usr/lib/gcc/arm-none-eabi/12.2.0/thumb/v7e-m/nofp/libgcc.a
LOAD /usr/lib/gcc/arm-none-eabi/12.2.0/../../../../arm-none-eabi/lib/thumb/v7e-m/nofp/libg.a
LOAD /usr/lib/gcc/arm-none-eabi/12.2.0/../../../../arm-none-eabi/lib/thumb/v7e-m/nofp/libc.a
END GROUP
LOAD /usr/lib/gcc/arm-none-eabi/12.2.0/thumb/v7e-m/nofp/crtend.o
LOAD /usr/lib/gcc/arm-none-eabi/12.2.0/thumb/v7e-m/nofp/crtn.o
                0x0000000020020000                _estack = 0x20020000
                0x0000000000000200                _Min_Heap_Size = 0x200
                0x0000000000000400                _Min_Stack_Size = 0x400

.isr_vector     0x0000000008000000      0x1c4
                0x0000000008000000                . = ALIGN (0x4)
 *(.isr_vector)
 .isr_vector    0x0000000008000000      0x1c4 CMakeFiles/VFDFFT-Firmware.elf.dir/startup/startup_stm32f446xx.s.obj
                0x0000000008000000                g_pfnVectors
                0x00000000080001c4                . = ALIGN (0x4)

.text           0x00000000080001c4     0x4f78
                0x00000000080001c4                . = ALIGN (0x4)
 *(.text)
 .text          0x00000000080001c4       0x30 /usr/lib/gcc/arm-none-eabi/12.2.0/thumb/v7e-m/nofp/libgcc.a(_aeabi_uldivmod.o)
                0x00000000080001c4                __aeabi_uldivmod
 .text          0x00000000080001f4        0x4 /usr/lib/gcc/arm-none-eabi/12.2.0/thumb/v7e-m/nofp/libgcc.a(_dvmd_tls.o)
                0x00000000080001f4                __aeabi_ldiv0
                0x00000000080001f4                __aeabi_idiv0
 *(.text*)
 .text.__do_global_dtors_aux
                0x00000000080001f8       0x24 /usr/lib/gcc/arm-none-eabi/12.2.0/thumb/v7e-m/nofp/crtbegin.o
 .text.frame_dummy
                0x000000000800021c       0x1c /usr/lib/gcc/arm-none-eabi/12.2.0/thumb/v7e-m/nofp/crtbegin.o
 .text.MX_DAC_Init
                0x0000000008000238       0x54 CMakeFiles/VFDFFT-Firmware.elf.dir/Core/Src/dac.c.obj
                0x0000000008000238                MX_DAC_Init
 .text.HAL_DAC_MspInit
                0x000000000800028c       0x68 CMakeFiles/VFDFFT-Firmware.elf.dir/Core/Src/dac.c.obj
                0x000000000800028c                HAL_DAC_MspInit
 .text.MX_DMA_Init
                0x00000000080002f4       0x98 CMakeFiles/VFDFFT-Firmware.elf.dir/Core/Src/dma.c.obj
                0x00000000080002f4                MX_DMA_Init
 .text.MX_GPIO_Init
                0x000000000800038c      0x164 CMakeFiles/VFDFFT-Firmware.elf.dir/Core/Src/gpio.c.obj
                0x000000000800038c                MX_GPIO_Init
 .text.MX_I2C1_Init
                0x00000000080004f0       0x3c CMakeFiles/VFDFFT-Firmware.elf.dir/Core/Src/i2c.c.obj
                0x00000000080004f0                MX_I2C1_Init
 .text.MX_I2C2_Init
                0x000000000800052c       0x3c CMakeFiles/VFDFFT-Firmware.elf.dir/Core/Src/i2c.c.obj
                0x000000000800052c                MX_I2C2_Init
 .text.HAL_I2C_MspInit
                0x0000000008000568       0xfc CMakeFiles/VFDFFT-Firmware.elf.dir/Core/Src/i2c.c.obj
                0x0000000008000568                HAL_I2C_MspInit
 .text.MX_I2S1_Init
                0x0000000008000664       0x34 CMakeFiles/VFDFFT-Firmware.elf.dir/Core/Src/i2s.c.obj
                0x0000000008000664                MX_I2S1_Init
 .text.MX_I2S2_Init
                0x0000000008000698       0x3c CMakeFiles/VFDFFT-Firmware.elf.dir/Core/Src/i2s.c.obj
                0x0000000008000698                MX_I2S2_Init
 .text.HAL_I2S_MspInit
                0x00000000080006d4      0x220 CMakeFiles/VFDFFT-Firmware.elf.dir/Core/Src/i2s.c.obj
                0x00000000080006d4                HAL_I2S_MspInit
 .text.Error_Handler
                0x00000000080008f4        0x4 CMakeFiles/VFDFFT-Firmware.elf.dir/Core/Src/main.c.obj
                0x00000000080008f4                Error_Handler
 .text.SystemClock_Config
                0x00000000080008f8       0xb4 CMakeFiles/VFDFFT-Firmware.elf.dir/Core/Src/main.c.obj
                0x00000000080008f8                SystemClock_Config
 .text.PeriphCommonClock_Config
                0x00000000080009ac       0x40 CMakeFiles/VFDFFT-Firmware.elf.dir/Core/Src/main.c.obj
                0x00000000080009ac                PeriphCommonClock_Config
 .text.main     0x00000000080009ec       0x44 CMakeFiles/VFDFFT-Firmware.elf.dir/Core/Src/main.c.obj
                0x00000000080009ec                main
 .text.MX_QUADSPI_Init
                0x0000000008000a30       0x3c CMakeFiles/VFDFFT-Firmware.elf.dir/Core/Src/quadspi.c.obj
                0x0000000008000a30                MX_QUADSPI_Init
 .text.HAL_QSPI_MspInit
                0x0000000008000a6c      0x120 CMakeFiles/VFDFFT-Firmware.elf.dir/Core/Src/quadspi.c.obj
                0x0000000008000a6c                HAL_QSPI_MspInit
 .text.MX_SDIO_SD_Init
                0x0000000008000b8c       0x40 CMakeFiles/VFDFFT-Firmware.elf.dir/Core/Src/sdio.c.obj
                0x0000000008000b8c                MX_SDIO_SD_Init
 .text.HAL_SD_MspInit
                0x0000000008000bcc      0x144 CMakeFiles/VFDFFT-Firmware.elf.dir/Core/Src/sdio.c.obj
                0x0000000008000bcc                HAL_SD_MspInit
 .text.MX_SPI4_Init
                0x0000000008000d10       0x40 CMakeFiles/VFDFFT-Firmware.elf.dir/Core/Src/spi.c.obj
                0x0000000008000d10                MX_SPI4_Init
 .text.HAL_SPI_MspInit
                0x0000000008000d50       0xbc CMakeFiles/VFDFFT-Firmware.elf.dir/Core/Src/spi.c.obj
                0x0000000008000d50                HAL_SPI_MspInit
 .text.HAL_MspInit
                0x0000000008000e0c       0x38 CMakeFiles/VFDFFT-Firmware.elf.dir/Core/Src/stm32f4xx_hal_msp.c.obj
                0x0000000008000e0c                HAL_MspInit
 .text.NMI_Handler
                0x0000000008000e44        0x2 CMakeFiles/VFDFFT-Firmware.elf.dir/Core/Src/stm32f4xx_it.c.obj
                0x0000000008000e44                NMI_Handler
 .text.HardFault_Handler
                0x0000000008000e46        0x2 CMakeFiles/VFDFFT-Firmware.elf.dir/Core/Src/stm32f4xx_it.c.obj
                0x0000000008000e46                HardFault_Handler
 .text.MemManage_Handler
                0x0000000008000e48        0x2 CMakeFiles/VFDFFT-Firmware.elf.dir/Core/Src/stm32f4xx_it.c.obj
                0x0000000008000e48                MemManage_Handler
 .text.BusFault_Handler
                0x0000000008000e4a        0x2 CMakeFiles/VFDFFT-Firmware.elf.dir/Core/Src/stm32f4xx_it.c.obj
                0x0000000008000e4a                BusFault_Handler
 .text.UsageFault_Handler
                0x0000000008000e4c        0x2 CMakeFiles/VFDFFT-Firmware.elf.dir/Core/Src/stm32f4xx_it.c.obj
                0x0000000008000e4c                UsageFault_Handler
 .text.SVC_Handler
                0x0000000008000e4e        0x2 CMakeFiles/VFDFFT-Firmware.elf.dir/Core/Src/stm32f4xx_it.c.obj
                0x0000000008000e4e                SVC_Handler
 .text.DebugMon_Handler
                0x0000000008000e50        0x2 CMakeFiles/VFDFFT-Firmware.elf.dir/Core/Src/stm32f4xx_it.c.obj
                0x0000000008000e50                DebugMon_Handler
 .text.PendSV_Handler
                0x0000000008000e52        0x2 CMakeFiles/VFDFFT-Firmware.elf.dir/Core/Src/stm32f4xx_it.c.obj
                0x0000000008000e52                PendSV_Handler
 .text.SysTick_Handler
                0x0000000008000e54        0x8 CMakeFiles/VFDFFT-Firmware.elf.dir/Core/Src/stm32f4xx_it.c.obj
                0x0000000008000e54                SysTick_Handler
 .text.DMA1_Stream2_IRQHandler
                0x0000000008000e5c       0x10 CMakeFiles/VFDFFT-Firmware.elf.dir/Core/Src/stm32f4xx_it.c.obj
                0x0000000008000e5c                DMA1_Stream2_IRQHandler
 .text.DMA1_Stream4_IRQHandler
                0x0000000008000e6c       0x10 CMakeFiles/VFDFFT-Firmware.elf.dir/Core/Src/stm32f4xx_it.c.obj
                0x0000000008000e6c                DMA1_Stream4_IRQHandler
 .text.SPI1_IRQHandler
                0x0000000008000e7c       0x10 CMakeFiles/VFDFFT-Firmware.elf.dir/Core/Src/stm32f4xx_it.c.obj
                0x0000000008000e7c                SPI1_IRQHandler
 .text.SPI2_IRQHandler
                0x0000000008000e8c       0x10 CMakeFiles/VFDFFT-Firmware.elf.dir/Core/Src/stm32f4xx_it.c.obj
                0x0000000008000e8c                SPI2_IRQHandler
 .text.SDIO_IRQHandler
                0x0000000008000e9c       0x10 CMakeFiles/VFDFFT-Firmware.elf.dir/Core/Src/stm32f4xx_it.c.obj
                0x0000000008000e9c                SDIO_IRQHandler
 .text.UART4_IRQHandler
                0x0000000008000eac       0x10 CMakeFiles/VFDFFT-Firmware.elf.dir/Core/Src/stm32f4xx_it.c.obj
                0x0000000008000eac                UART4_IRQHandler
 .text.DMA2_Stream1_IRQHandler
                0x0000000008000ebc       0x10 CMakeFiles/VFDFFT-Firmware.elf.dir/Core/Src/stm32f4xx_it.c.obj
                0x0000000008000ebc                DMA2_Stream1_IRQHandler
 .text.DMA2_Stream3_IRQHandler
                0x0000000008000ecc       0x10 CMakeFiles/VFDFFT-Firmware.elf.dir/Core/Src/stm32f4xx_it.c.obj
                0x0000000008000ecc                DMA2_Stream3_IRQHandler
 .text.DMA2_Stream5_IRQHandler
                0x0000000008000edc       0x10 CMakeFiles/VFDFFT-Firmware.elf.dir/Core/Src/stm32f4xx_it.c.obj
                0x0000000008000edc                DMA2_Stream5_IRQHandler
 .text.DMA2_Stream7_IRQHandler
                0x0000000008000eec       0x10 CMakeFiles/VFDFFT-Firmware.elf.dir/Core/Src/stm32f4xx_it.c.obj
                0x0000000008000eec                DMA2_Stream7_IRQHandler
 .text.SPI4_IRQHandler
                0x0000000008000efc       0x10 CMakeFiles/VFDFFT-Firmware.elf.dir/Core/Src/stm32f4xx_it.c.obj
                0x0000000008000efc                SPI4_IRQHandler
 .text.QUADSPI_IRQHandler
                0x0000000008000f0c       0x10 CMakeFiles/VFDFFT-Firmware.elf.dir/Core/Src/stm32f4xx_it.c.obj
                0x0000000008000f0c                QUADSPI_IRQHandler
 .text.SystemInit
                0x0000000008000f1c        0x2 CMakeFiles/VFDFFT-Firmware.elf.dir/Core/Src/system_stm32f4xx.c.obj
                0x0000000008000f1c                SystemInit
 *fill*         0x0000000008000f1e        0x2 
 .text.MX_UART4_Init
                0x0000000008000f20       0x34 CMakeFiles/VFDFFT-Firmware.elf.dir/Core/Src/usart.c.obj
                0x0000000008000f20                MX_UART4_Init
 .text.MX_USART1_UART_Init
                0x0000000008000f54       0x34 CMakeFiles/VFDFFT-Firmware.elf.dir/Core/Src/usart.c.obj
                0x0000000008000f54                MX_USART1_UART_Init
 .text.HAL_UART_MspInit
                0x0000000008000f88      0x114 CMakeFiles/VFDFFT-Firmware.elf.dir/Core/Src/usart.c.obj
                0x0000000008000f88                HAL_UART_MspInit
 .text.MX_USB_OTG_HS_HCD_Init
                0x000000000800109c       0x38 CMakeFiles/VFDFFT-Firmware.elf.dir/Core/Src/usb_otg.c.obj
                0x000000000800109c                MX_USB_OTG_HS_HCD_Init
 .text.HAL_HCD_MspInit
                0x00000000080010d4       0x74 CMakeFiles/VFDFFT-Firmware.elf.dir/Core/Src/usb_otg.c.obj
                0x00000000080010d4                HAL_HCD_MspInit
 .text.HAL_InitTick
                0x0000000008001148       0x4c CMakeFiles/VFDFFT-Firmware.elf.dir/Drivers/STM32F4xx_HAL_Driver/Src/stm32f4xx_hal.c.obj
                0x0000000008001148                HAL_InitTick
 .text.HAL_Init
                0x0000000008001194       0x34 CMakeFiles/VFDFFT-Firmware.elf.dir/Drivers/STM32F4xx_HAL_Driver/Src/stm32f4xx_hal.c.obj
                0x0000000008001194                HAL_Init
 .text.HAL_IncTick
                0x00000000080011c8       0x18 CMakeFiles/VFDFFT-Firmware.elf.dir/Drivers/STM32F4xx_HAL_Driver/Src/stm32f4xx_hal.c.obj
                0x00000000080011c8                HAL_IncTick
 .text.HAL_GetTick
                0x00000000080011e0        0xc CMakeFiles/VFDFFT-Firmware.elf.dir/Drivers/STM32F4xx_HAL_Driver/Src/stm32f4xx_hal.c.obj
                0x00000000080011e0                HAL_GetTick
 .text.HAL_Delay
                0x00000000080011ec       0x28 CMakeFiles/VFDFFT-Firmware.elf.dir/Drivers/STM32F4xx_HAL_Driver/Src/stm32f4xx_hal.c.obj
                0x00000000080011ec                HAL_Delay
 .text.__NVIC_SetPriority
                0x0000000008001214       0x28 CMakeFiles/VFDFFT-Firmware.elf.dir/Drivers/STM32F4xx_HAL_Driver/Src/stm32f4xx_hal_cortex.c.obj
 .text.NVIC_EncodePriority
                0x000000000800123c       0x3e CMakeFiles/VFDFFT-Firmware.elf.dir/Drivers/STM32F4xx_HAL_Driver/Src/stm32f4xx_hal_cortex.c.obj
 *fill*         0x000000000800127a        0x2 
 .text.HAL_NVIC_SetPriorityGrouping
                0x000000000800127c       0x24 CMakeFiles/VFDFFT-Firmware.elf.dir/Drivers/STM32F4xx_HAL_Driver/Src/stm32f4xx_hal_cortex.c.obj
                0x000000000800127c                HAL_NVIC_SetPriorityGrouping
 .text.HAL_NVIC_SetPriority
                0x00000000080012a0       0x20 CMakeFiles/VFDFFT-Firmware.elf.dir/Drivers/STM32F4xx_HAL_Driver/Src/stm32f4xx_hal_cortex.c.obj
                0x00000000080012a0                HAL_NVIC_SetPriority
 .text.HAL_NVIC_EnableIRQ
                0x00000000080012c0       0x1c CMakeFiles/VFDFFT-Firmware.elf.dir/Drivers/STM32F4xx_HAL_Driver/Src/stm32f4xx_hal_cortex.c.obj
                0x00000000080012c0                HAL_NVIC_EnableIRQ
 .text.HAL_SYSTICK_Config
                0x00000000080012dc       0x28 CMakeFiles/VFDFFT-Firmware.elf.dir/Drivers/STM32F4xx_HAL_Driver/Src/stm32f4xx_hal_cortex.c.obj
                0x00000000080012dc                HAL_SYSTICK_Config
 .text.HAL_DAC_Init
                0x0000000008001304       0x24 CMakeFiles/VFDFFT-Firmware.elf.dir/Drivers/STM32F4xx_HAL_Driver/Src/stm32f4xx_hal_dac.c.obj
                0x0000000008001304                HAL_DAC_Init
 .text.HAL_DAC_ConfigChannel
                0x0000000008001328       0x58 CMakeFiles/VFDFFT-Firmware.elf.dir/Drivers/STM32F4xx_HAL_Driver/Src/stm32f4xx_hal_dac.c.obj
                0x0000000008001328                HAL_DAC_ConfigChannel
 .text.DMA_CalcBaseAndBitshift
                0x0000000008001380       0x40 CMakeFiles/VFDFFT-Firmware.elf.dir/Drivers/STM32F4xx_HAL_Driver/Src/stm32f4xx_hal_dma.c.obj
 .text.DMA_CheckFifoParam
                0x00000000080013c0       0x8e CMakeFiles/VFDFFT-Firmware.elf.dir/Drivers/STM32F4xx_HAL_Driver/Src/stm32f4xx_hal_dma.c.obj
 *fill*         0x000000000800144e        0x2 
 .text.HAL_DMA_Init
                0x0000000008001450       0xcc CMakeFiles/VFDFFT-Firmware.elf.dir/Drivers/STM32F4xx_HAL_Driver/Src/stm32f4xx_hal_dma.c.obj
                0x0000000008001450                HAL_DMA_Init
 .text.HAL_DMA_Abort
                0x000000000800151c       0x94 CMakeFiles/VFDFFT-Firmware.elf.dir/Drivers/STM32F4xx_HAL_Driver/Src/stm32f4xx_hal_dma.c.obj
                0x000000000800151c                HAL_DMA_Abort
 .text.HAL_DMA_Abort_IT
                0x00000000080015b0       0x26 CMakeFiles/VFDFFT-Firmware.elf.dir/Drivers/STM32F4xx_HAL_Driver/Src/stm32f4xx_hal_dma.c.obj
                0x00000000080015b0                HAL_DMA_Abort_IT
 *fill*         0x00000000080015d6        0x2 
 .text.HAL_DMA_IRQHandler
                0x00000000080015d8      0x1dc CMakeFiles/VFDFFT-Firmware.elf.dir/Drivers/STM32F4xx_HAL_Driver/Src/stm32f4xx_hal_dma.c.obj
                0x00000000080015d8                HAL_DMA_IRQHandler
 .text.HAL_GPIO_Init
                0x00000000080017b4      0x1e8 CMakeFiles/VFDFFT-Firmware.elf.dir/Drivers/STM32F4xx_HAL_Driver/Src/stm32f4xx_hal_gpio.c.obj
                0x00000000080017b4                HAL_GPIO_Init
 .text.HAL_GPIO_WritePin
                0x000000000800199c        0xc CMakeFiles/VFDFFT-Firmware.elf.dir/Drivers/STM32F4xx_HAL_Driver/Src/stm32f4xx_hal_gpio.c.obj
                0x000000000800199c                HAL_GPIO_WritePin
 .text.HAL_HCD_Init
                0x00000000080019a8       0xa4 CMakeFiles/VFDFFT-Firmware.elf.dir/Drivers/STM32F4xx_HAL_Driver/Src/stm32f4xx_hal_hcd.c.obj
                0x00000000080019a8                HAL_HCD_Init
 .text.HAL_I2C_Init
                0x0000000008001a4c      0x1bc CMakeFiles/VFDFFT-Firmware.elf.dir/Drivers/STM32F4xx_HAL_Driver/Src/stm32f4xx_hal_i2c.c.obj
                0x0000000008001a4c                HAL_I2C_Init
 .text.HAL_I2S_Init
                0x0000000008001c08      0x13c CMakeFiles/VFDFFT-Firmware.elf.dir/Drivers/STM32F4xx_HAL_Driver/Src/stm32f4xx_hal_i2s.c.obj
                0x0000000008001c08                HAL_I2S_Init
 .text.HAL_I2S_IRQHandler
                0x0000000008001d44        0x8 CMakeFiles/VFDFFT-Firmware.elf.dir/Drivers/STM32F4xx_HAL_Driver/Src/stm32f4xx_hal_i2s.c.obj
                0x0000000008001d44                HAL_I2S_IRQHandler
 .text.HAL_I2S_TxCpltCallback
                0x0000000008001d4c        0x2 CMakeFiles/VFDFFT-Firmware.elf.dir/Drivers/STM32F4xx_HAL_Driver/Src/stm32f4xx_hal_i2s.c.obj
                0x0000000008001d4c                HAL_I2S_TxCpltCallback
 .text.I2S_Transmit_IT
                0x0000000008001d4e       0x38 CMakeFiles/VFDFFT-Firmware.elf.dir/Drivers/STM32F4xx_HAL_Driver/Src/stm32f4xx_hal_i2s.c.obj
 .text.HAL_I2S_RxCpltCallback
                0x0000000008001d86        0x2 CMakeFiles/VFDFFT-Firmware.elf.dir/Drivers/STM32F4xx_HAL_Driver/Src/stm32f4xx_hal_i2s.c.obj
                0x0000000008001d86                HAL_I2S_RxCpltCallback
 .text.I2S_Receive_IT
                0x0000000008001d88       0x38 CMakeFiles/VFDFFT-Firmware.elf.dir/Drivers/STM32F4xx_HAL_Driver/Src/stm32f4xx_hal_i2s.c.obj
 .text.HAL_I2S_ErrorCallback
                0x0000000008001dc0        0x2 CMakeFiles/VFDFFT-Firmware.elf.dir/Drivers/STM32F4xx_HAL_Driver/Src/stm32f4xx_hal_i2s.c.obj
                0x0000000008001dc0                HAL_I2S_ErrorCallback
 .text.I2S_IRQHandler
                0x0000000008001dc2       0xd0 CMakeFiles/VFDFFT-Firmware.elf.dir/Drivers/STM32F4xx_HAL_Driver/Src/stm32f4xx_hal_i2s.c.obj
 *fill*         0x0000000008001e92        0x2 
 .text.HAL_PWREx_EnableOverDrive
                0x0000000008001e94       0x7c CMakeFiles/VFDFFT-Firmware.elf.dir/Drivers/STM32F4xx_HAL_Driver/Src/stm32f4xx_hal_pwr_ex.c.obj
                0x0000000008001e94                HAL_PWREx_EnableOverDrive
 .text.QSPI_WaitFlagStateUntilTimeout
                0x0000000008001f10       0x54 CMakeFiles/VFDFFT-Firmware.elf.dir/Drivers/STM32F4xx_HAL_Driver/Src/stm32f4xx_hal_qspi.c.obj
 .text.HAL_QSPI_ErrorCallback
                0x0000000008001f64        0x2 CMakeFiles/VFDFFT-Firmware.elf.dir/Drivers/STM32F4xx_HAL_Driver/Src/stm32f4xx_hal_qspi.c.obj
                0x0000000008001f64                HAL_QSPI_ErrorCallback
 .text.QSPI_DMAAbortCplt
                0x0000000008001f66       0x3c CMakeFiles/VFDFFT-Firmware.elf.dir/Drivers/STM32F4xx_HAL_Driver/Src/stm32f4xx_hal_qspi.c.obj
 .text.HAL_QSPI_AbortCpltCallback
                0x0000000008001fa2        0x2 CMakeFiles/VFDFFT-Firmware.elf.dir/Drivers/STM32F4xx_HAL_Driver/Src/stm32f4xx_hal_qspi.c.obj
                0x0000000008001fa2                HAL_QSPI_AbortCpltCallback
 .text.HAL_QSPI_CmdCpltCallback
                0x0000000008001fa4        0x2 CMakeFiles/VFDFFT-Firmware.elf.dir/Drivers/STM32F4xx_HAL_Driver/Src/stm32f4xx_hal_qspi.c.obj
                0x0000000008001fa4                HAL_QSPI_CmdCpltCallback
 .text.HAL_QSPI_RxCpltCallback
                0x0000000008001fa6        0x2 CMakeFiles/VFDFFT-Firmware.elf.dir/Drivers/STM32F4xx_HAL_Driver/Src/stm32f4xx_hal_qspi.c.obj
                0x0000000008001fa6                HAL_QSPI_RxCpltCallback
 .text.HAL_QSPI_TxCpltCallback
                0x0000000008001fa8        0x2 CMakeFiles/VFDFFT-Firmware.elf.dir/Drivers/STM32F4xx_HAL_Driver/Src/stm32f4xx_hal_qspi.c.obj
                0x0000000008001fa8                HAL_QSPI_TxCpltCallback
 .text.HAL_QSPI_FifoThresholdCallback
                0x0000000008001faa        0x2 CMakeFiles/VFDFFT-Firmware.elf.dir/Drivers/STM32F4xx_HAL_Driver/Src/stm32f4xx_hal_qspi.c.obj
                0x0000000008001faa                HAL_QSPI_FifoThresholdCallback
 .text.HAL_QSPI_StatusMatchCallback
                0x0000000008001fac        0x2 CMakeFiles/VFDFFT-Firmware.elf.dir/Drivers/STM32F4xx_HAL_Driver/Src/stm32f4xx_hal_qspi.c.obj
                0x0000000008001fac                HAL_QSPI_StatusMatchCallback
 .text.HAL_QSPI_TimeOutCallback
                0x0000000008001fae        0x2 CMakeFiles/VFDFFT-Firmware.elf.dir/Drivers/STM32F4xx_HAL_Driver/Src/stm32f4xx_hal_qspi.c.obj
                0x0000000008001fae                HAL_QSPI_TimeOutCallback
 .text.HAL_QSPI_Abort_IT
                0x0000000008001fb0       0x78 CMakeFiles/VFDFFT-Firmware.elf.dir/Drivers/STM32F4xx_HAL_Driver/Src/stm32f4xx_hal_qspi.c.obj
                0x0000000008001fb0                HAL_QSPI_Abort_IT
 .text.HAL_QSPI_IRQHandler
                0x0000000008002028      0x24c CMakeFiles/VFDFFT-Firmware.elf.dir/Drivers/STM32F4xx_HAL_Driver/Src/stm32f4xx_hal_qspi.c.obj
                0x0000000008002028                HAL_QSPI_IRQHandler
 .text.HAL_QSPI_SetTimeout
                0x0000000008002274        0x4 CMakeFiles/VFDFFT-Firmware.elf.dir/Drivers/STM32F4xx_HAL_Driver/Src/stm32f4xx_hal_qspi.c.obj
                0x0000000008002274                HAL_QSPI_SetTimeout
 .text.HAL_QSPI_Init
                0x0000000008002278       0xb0 CMakeFiles/VFDFFT-Firmware.elf.dir/Drivers/STM32F4xx_HAL_Driver/Src/stm32f4xx_hal_qspi.c.obj
                0x0000000008002278                HAL_QSPI_Init
 .text.HAL_RCC_ClockConfig
                0x0000000008002328      0x160 CMakeFiles/VFDFFT-Firmware.elf.dir/Drivers/STM32F4xx_HAL_Driver/Src/stm32f4xx_hal_rcc.c.obj
                0x0000000008002328                HAL_RCC_ClockConfig
 .text.HAL_RCC_GetHCLKFreq
                0x0000000008002488        0xc CMakeFiles/VFDFFT-Firmware.elf.dir/Drivers/STM32F4xx_HAL_Driver/Src/stm32f4xx_hal_rcc.c.obj
                0x0000000008002488                HAL_RCC_GetHCLKFreq
 .text.HAL_RCC_GetPCLK1Freq
                0x0000000008002494       0x20 CMakeFiles/VFDFFT-Firmware.elf.dir/Drivers/STM32F4xx_HAL_Driver/Src/stm32f4xx_hal_rcc.c.obj
                0x0000000008002494                HAL_RCC_GetPCLK1Freq
 .text.HAL_RCC_GetPCLK2Freq
                0x00000000080024b4       0x20 CMakeFiles/VFDFFT-Firmware.elf.dir/Drivers/STM32F4xx_HAL_Driver/Src/stm32f4xx_hal_rcc.c.obj
                0x00000000080024b4                HAL_RCC_GetPCLK2Freq
 .text.HAL_RCCEx_PeriphCLKConfig
                0x00000000080024d4      0x474 CMakeFiles/VFDFFT-Firmware.elf.dir/Drivers/STM32F4xx_HAL_Driver/Src/stm32f4xx_hal_rcc_ex.c.obj
                0x00000000080024d4                HAL_RCCEx_PeriphCLKConfig
 .text.HAL_RCCEx_GetPeriphCLKFreq
                0x0000000008002948      0x308 CMakeFiles/VFDFFT-Firmware.elf.dir/Drivers/STM32F4xx_HAL_Driver/Src/stm32f4xx_hal_rcc_ex.c.obj
                0x0000000008002948                HAL_RCCEx_GetPeriphCLKFreq
 .text.HAL_RCC_GetSysClockFreq
                0x0000000008002c50      0x128 CMakeFiles/VFDFFT-Firmware.elf.dir/Drivers/STM32F4xx_HAL_Driver/Src/stm32f4xx_hal_rcc_ex.c.obj
                0x0000000008002c50                HAL_RCC_GetSysClockFreq
 .text.HAL_RCC_OscConfig
                0x0000000008002d78      0x444 CMakeFiles/VFDFFT-Firmware.elf.dir/Drivers/STM32F4xx_HAL_Driver/Src/stm32f4xx_hal_rcc_ex.c.obj
                0x0000000008002d78                HAL_RCC_OscConfig
 .text.SD_PowerON
                0x00000000080031bc       0xc0 CMakeFiles/VFDFFT-Firmware.elf.dir/Drivers/STM32F4xx_HAL_Driver/Src/stm32f4xx_hal_sd.c.obj
 .text.SD_Read_IT
                0x000000000800327c       0x38 CMakeFiles/VFDFFT-Firmware.elf.dir/Drivers/STM32F4xx_HAL_Driver/Src/stm32f4xx_hal_sd.c.obj
 .text.SD_Write_IT
                0x00000000080032b4       0x48 CMakeFiles/VFDFFT-Firmware.elf.dir/Drivers/STM32F4xx_HAL_Driver/Src/stm32f4xx_hal_sd.c.obj
 .text.SD_FindSCR
                0x00000000080032fc      0x100 CMakeFiles/VFDFFT-Firmware.elf.dir/Drivers/STM32F4xx_HAL_Driver/Src/stm32f4xx_hal_sd.c.obj
 .text.SD_WideBus_Enable
                0x00000000080033fc       0x4e CMakeFiles/VFDFFT-Firmware.elf.dir/Drivers/STM32F4xx_HAL_Driver/Src/stm32f4xx_hal_sd.c.obj
 .text.SD_WideBus_Disable
                0x000000000800344a       0x4e CMakeFiles/VFDFFT-Firmware.elf.dir/Drivers/STM32F4xx_HAL_Driver/Src/stm32f4xx_hal_sd.c.obj
 .text.SD_SendStatus
                0x0000000008003498       0x2c CMakeFiles/VFDFFT-Firmware.elf.dir/Drivers/STM32F4xx_HAL_Driver/Src/stm32f4xx_hal_sd.c.obj
 .text.HAL_SD_TxCpltCallback
                0x00000000080034c4        0x2 CMakeFiles/VFDFFT-Firmware.elf.dir/Drivers/STM32F4xx_HAL_Driver/Src/stm32f4xx_hal_sd.c.obj
                0x00000000080034c4                HAL_SD_TxCpltCallback
 .text.HAL_SD_RxCpltCallback
                0x00000000080034c6        0x2 CMakeFiles/VFDFFT-Firmware.elf.dir/Drivers/STM32F4xx_HAL_Driver/Src/stm32f4xx_hal_sd.c.obj
                0x00000000080034c6                HAL_SD_RxCpltCallback
 .text.HAL_SD_ErrorCallback
                0x00000000080034c8        0x2 CMakeFiles/VFDFFT-Firmware.elf.dir/Drivers/STM32F4xx_HAL_Driver/Src/stm32f4xx_hal_sd.c.obj
                0x00000000080034c8                HAL_SD_ErrorCallback
 .text.HAL_SD_AbortCallback
                0x00000000080034ca        0x2 CMakeFiles/VFDFFT-Firmware.elf.dir/Drivers/STM32F4xx_HAL_Driver/Src/stm32f4xx_hal_sd.c.obj
                0x00000000080034ca                HAL_SD_AbortCallback
 .text.HAL_SD_GetCardCSD
                0x00000000080034cc      0x1b8 CMakeFiles/VFDFFT-Firmware.elf.dir/Drivers/STM32F4xx_HAL_Driver/Src/stm32f4xx_hal_sd.c.obj
                0x00000000080034cc                HAL_SD_GetCardCSD
 .text.SD_InitCard
                0x0000000008003684      0x100 CMakeFiles/VFDFFT-Firmware.elf.dir/Drivers/STM32F4xx_HAL_Driver/Src/stm32f4xx_hal_sd.c.obj
 .text.HAL_SD_InitCard
                0x0000000008003784       0xa0 CMakeFiles/VFDFFT-Firmware.elf.dir/Drivers/STM32F4xx_HAL_Driver/Src/stm32f4xx_hal_sd.c.obj
                0x0000000008003784                HAL_SD_InitCard
 .text.HAL_SD_Init
                0x0000000008003824       0x36 CMakeFiles/VFDFFT-Firmware.elf.dir/Drivers/STM32F4xx_HAL_Driver/Src/stm32f4xx_hal_sd.c.obj
                0x0000000008003824                HAL_SD_Init
 *fill*         0x000000000800385a        0x2 
 .text.HAL_SD_ConfigWideBusOperation
                0x000000000800385c       0xc0 CMakeFiles/VFDFFT-Firmware.elf.dir/Drivers/STM32F4xx_HAL_Driver/Src/stm32f4xx_hal_sd.c.obj
                0x000000000800385c                HAL_SD_ConfigWideBusOperation
 .text.HAL_SD_GetCardState
                0x000000000800391c       0x22 CMakeFiles/VFDFFT-Firmware.elf.dir/Drivers/STM32F4xx_HAL_Driver/Src/stm32f4xx_hal_sd.c.obj
                0x000000000800391c                HAL_SD_GetCardState
 .text.SD_DMATxAbort
                0x000000000800393e       0x44 CMakeFiles/VFDFFT-Firmware.elf.dir/Drivers/STM32F4xx_HAL_Driver/Src/stm32f4xx_hal_sd.c.obj
 .text.SD_DMARxAbort
                0x0000000008003982       0x44 CMakeFiles/VFDFFT-Firmware.elf.dir/Drivers/STM32F4xx_HAL_Driver/Src/stm32f4xx_hal_sd.c.obj
 *fill*         0x00000000080039c6        0x2 
 .text.HAL_SD_IRQHandler
                0x00000000080039c8      0x1c8 CMakeFiles/VFDFFT-Firmware.elf.dir/Drivers/STM32F4xx_HAL_Driver/Src/stm32f4xx_hal_sd.c.obj
                0x00000000080039c8                HAL_SD_IRQHandler
 .text.HAL_SPI_Init
                0x0000000008003b90       0xbe CMakeFiles/VFDFFT-Firmware.elf.dir/Drivers/STM32F4xx_HAL_Driver/Src/stm32f4xx_hal_spi.c.obj
                0x0000000008003b90                HAL_SPI_Init
 .text.HAL_SPI_ErrorCallback
                0x0000000008003c4e        0x2 CMakeFiles/VFDFFT-Firmware.elf.dir/Drivers/STM32F4xx_HAL_Driver/Src/stm32f4xx_hal_spi.c.obj
                0x0000000008003c4e                HAL_SPI_ErrorCallback
 .text.HAL_SPI_IRQHandler
                0x0000000008003c50      0x118 CMakeFiles/VFDFFT-Firmware.elf.dir/Drivers/STM32F4xx_HAL_Driver/Src/stm32f4xx_hal_spi.c.obj
                0x0000000008003c50                HAL_SPI_IRQHandler
 .text.SPI_DMAAbortOnError
                0x0000000008003d68       0x10 CMakeFiles/VFDFFT-Firmware.elf.dir/Drivers/STM32F4xx_HAL_Driver/Src/stm32f4xx_hal_spi.c.obj
 .text.UART_EndRxTransfer
                0x0000000008003d78       0x5c CMakeFiles/VFDFFT-Firmware.elf.dir/Drivers/STM32F4xx_HAL_Driver/Src/stm32f4xx_hal_uart.c.obj
 .text.UART_Transmit_IT
                0x0000000008003dd4       0x60 CMakeFiles/VFDFFT-Firmware.elf.dir/Drivers/STM32F4xx_HAL_Driver/Src/stm32f4xx_hal_uart.c.obj
 .text.UART_SetConfig
                0x0000000008003e34      0x110 CMakeFiles/VFDFFT-Firmware.elf.dir/Drivers/STM32F4xx_HAL_Driver/Src/stm32f4xx_hal_uart.c.obj
 .text.HAL_UART_Init
                0x0000000008003f44       0x5e CMakeFiles/VFDFFT-Firmware.elf.dir/Drivers/STM32F4xx_HAL_Driver/Src/stm32f4xx_hal_uart.c.obj
                0x0000000008003f44                HAL_UART_Init
 .text.HAL_HalfDuplex_Init
                0x0000000008003fa2       0x6a CMakeFiles/VFDFFT-Firmware.elf.dir/Drivers/STM32F4xx_HAL_Driver/Src/stm32f4xx_hal_uart.c.obj
                0x0000000008003fa2                HAL_HalfDuplex_Init
 .text.HAL_UART_TxCpltCallback
                0x000000000800400c        0x2 CMakeFiles/VFDFFT-Firmware.elf.dir/Drivers/STM32F4xx_HAL_Driver/Src/stm32f4xx_hal_uart.c.obj
                0x000000000800400c                HAL_UART_TxCpltCallback
 .text.UART_EndTransmit_IT
                0x000000000800400e       0x1a CMakeFiles/VFDFFT-Firmware.elf.dir/Drivers/STM32F4xx_HAL_Driver/Src/stm32f4xx_hal_uart.c.obj
 .text.HAL_UART_RxCpltCallback
                0x0000000008004028        0x2 CMakeFiles/VFDFFT-Firmware.elf.dir/Drivers/STM32F4xx_HAL_Driver/Src/stm32f4xx_hal_uart.c.obj
                0x0000000008004028                HAL_UART_RxCpltCallback
 .text.HAL_UART_ErrorCallback
                0x000000000800402a        0x2 CMakeFiles/VFDFFT-Firmware.elf.dir/Drivers/STM32F4xx_HAL_Driver/Src/stm32f4xx_hal_uart.c.obj
                0x000000000800402a                HAL_UART_ErrorCallback
 .text.UART_DMAAbortOnError
                0x000000000800402c       0x10 CMakeFiles/VFDFFT-Firmware.elf.dir/Drivers/STM32F4xx_HAL_Driver/Src/stm32f4xx_hal_uart.c.obj
 .text.HAL_UARTEx_RxEventCallback
                0x000000000800403c        0x2 CMakeFiles/VFDFFT-Firmware.elf.dir/Drivers/STM32F4xx_HAL_Driver/Src/stm32f4xx_hal_uart.c.obj
                0x000000000800403c                HAL_UARTEx_RxEventCallback
 .text.UART_Receive_IT
                0x000000000800403e       0xe2 CMakeFiles/VFDFFT-Firmware.elf.dir/Drivers/STM32F4xx_HAL_Driver/Src/stm32f4xx_hal_uart.c.obj
 .text.HAL_UART_IRQHandler
                0x0000000008004120      0x27c CMakeFiles/VFDFFT-Firmware.elf.dir/Drivers/STM32F4xx_HAL_Driver/Src/stm32f4xx_hal_uart.c.obj
                0x0000000008004120                HAL_UART_IRQHandler
 .text.SDMMC_GetCmdError
                0x000000000800439c       0x38 CMakeFiles/VFDFFT-Firmware.elf.dir/Drivers/STM32F4xx_HAL_Driver/Src/stm32f4xx_ll_sdmmc.c.obj
 .text.SDMMC_GetCmdResp2
                0x00000000080043d4       0x5c CMakeFiles/VFDFFT-Firmware.elf.dir/Drivers/STM32F4xx_HAL_Driver/Src/stm32f4xx_ll_sdmmc.c.obj
 .text.SDMMC_GetCmdResp3
                0x0000000008004430       0x4c CMakeFiles/VFDFFT-Firmware.elf.dir/Drivers/STM32F4xx_HAL_Driver/Src/stm32f4xx_ll_sdmmc.c.obj
 .text.SDMMC_GetCmdResp7
                0x000000000800447c       0x64 CMakeFiles/VFDFFT-Firmware.elf.dir/Drivers/STM32F4xx_HAL_Driver/Src/stm32f4xx_ll_sdmmc.c.obj
 .text.SDIO_Init
                0x00000000080044e0       0x32 CMakeFiles/VFDFFT-Firmware.elf.dir/Drivers/STM32F4xx_HAL_Driver/Src/stm32f4xx_ll_sdmmc.c.obj
                0x00000000080044e0                SDIO_Init
 .text.SDIO_ReadFIFO
                0x0000000008004512        0x6 CMakeFiles/VFDFFT-Firmware.elf.dir/Drivers/STM32F4xx_HAL_Driver/Src/stm32f4xx_ll_sdmmc.c.obj
                0x0000000008004512                SDIO_ReadFIFO
 .text.SDIO_WriteFIFO
                0x0000000008004518        0xa CMakeFiles/VFDFFT-Firmware.elf.dir/Drivers/STM32F4xx_HAL_Driver/Src/stm32f4xx_ll_sdmmc.c.obj
                0x0000000008004518                SDIO_WriteFIFO
 .text.SDIO_PowerState_ON
                0x0000000008004522       0x10 CMakeFiles/VFDFFT-Firmware.elf.dir/Drivers/STM32F4xx_HAL_Driver/Src/stm32f4xx_ll_sdmmc.c.obj
                0x0000000008004522                SDIO_PowerState_ON
 .text.SDIO_GetPowerState
                0x0000000008004532        0x8 CMakeFiles/VFDFFT-Firmware.elf.dir/Drivers/STM32F4xx_HAL_Driver/Src/stm32f4xx_ll_sdmmc.c.obj
                0x0000000008004532                SDIO_GetPowerState
 .text.SDIO_SendCommand
                0x000000000800453a       0x24 CMakeFiles/VFDFFT-Firmware.elf.dir/Drivers/STM32F4xx_HAL_Driver/Src/stm32f4xx_ll_sdmmc.c.obj
                0x000000000800453a                SDIO_SendCommand
 .text.SDIO_GetCommandResponse
                0x000000000800455e        0x6 CMakeFiles/VFDFFT-Firmware.elf.dir/Drivers/STM32F4xx_HAL_Driver/Src/stm32f4xx_ll_sdmmc.c.obj
                0x000000000800455e                SDIO_GetCommandResponse
 .text.SDIO_GetResponse
                0x0000000008004564        0x6 CMakeFiles/VFDFFT-Firmware.elf.dir/Drivers/STM32F4xx_HAL_Driver/Src/stm32f4xx_ll_sdmmc.c.obj
                0x0000000008004564                SDIO_GetResponse
 *fill*         0x000000000800456a        0x2 
 .text.SDMMC_GetCmdResp1
                0x000000000800456c      0x154 CMakeFiles/VFDFFT-Firmware.elf.dir/Drivers/STM32F4xx_HAL_Driver/Src/stm32f4xx_ll_sdmmc.c.obj
 .text.SDMMC_GetCmdResp6
                0x00000000080046c0       0xa0 CMakeFiles/VFDFFT-Firmware.elf.dir/Drivers/STM32F4xx_HAL_Driver/Src/stm32f4xx_ll_sdmmc.c.obj
 .text.SDIO_ConfigData
                0x0000000008004760       0x24 CMakeFiles/VFDFFT-Firmware.elf.dir/Drivers/STM32F4xx_HAL_Driver/Src/stm32f4xx_ll_sdmmc.c.obj
                0x0000000008004760                SDIO_ConfigData
 .text.SDMMC_CmdBlockLength
                0x0000000008004784       0x30 CMakeFiles/VFDFFT-Firmware.elf.dir/Drivers/STM32F4xx_HAL_Driver/Src/stm32f4xx_ll_sdmmc.c.obj
                0x0000000008004784                SDMMC_CmdBlockLength
 .text.SDMMC_CmdStopTransfer
                0x00000000080047b4       0x34 CMakeFiles/VFDFFT-Firmware.elf.dir/Drivers/STM32F4xx_HAL_Driver/Src/stm32f4xx_ll_sdmmc.c.obj
                0x00000000080047b4                SDMMC_CmdStopTransfer
 .text.SDMMC_CmdSelDesel
                0x00000000080047e8       0x30 CMakeFiles/VFDFFT-Firmware.elf.dir/Drivers/STM32F4xx_HAL_Driver/Src/stm32f4xx_ll_sdmmc.c.obj
                0x00000000080047e8                SDMMC_CmdSelDesel
 .text.SDMMC_CmdGoIdleState
                0x0000000008004818       0x26 CMakeFiles/VFDFFT-Firmware.elf.dir/Drivers/STM32F4xx_HAL_Driver/Src/stm32f4xx_ll_sdmmc.c.obj
                0x0000000008004818                SDMMC_CmdGoIdleState
 .text.SDMMC_CmdOperCond
                0x000000000800483e       0x2e CMakeFiles/VFDFFT-Firmware.elf.dir/Drivers/STM32F4xx_HAL_Driver/Src/stm32f4xx_ll_sdmmc.c.obj
                0x000000000800483e                SDMMC_CmdOperCond
 .text.SDMMC_CmdAppCommand
                0x000000000800486c       0x30 CMakeFiles/VFDFFT-Firmware.elf.dir/Drivers/STM32F4xx_HAL_Driver/Src/stm32f4xx_ll_sdmmc.c.obj
                0x000000000800486c                SDMMC_CmdAppCommand
 .text.SDMMC_CmdAppOperCommand
                0x000000000800489c       0x32 CMakeFiles/VFDFFT-Firmware.elf.dir/Drivers/STM32F4xx_HAL_Driver/Src/stm32f4xx_ll_sdmmc.c.obj
                0x000000000800489c                SDMMC_CmdAppOperCommand
 .text.SDMMC_CmdBusWidth
                0x00000000080048ce       0x30 CMakeFiles/VFDFFT-Firmware.elf.dir/Drivers/STM32F4xx_HAL_Driver/Src/stm32f4xx_ll_sdmmc.c.obj
                0x00000000080048ce                SDMMC_CmdBusWidth
 .text.SDMMC_CmdSendSCR
                0x00000000080048fe       0x30 CMakeFiles/VFDFFT-Firmware.elf.dir/Drivers/STM32F4xx_HAL_Driver/Src/stm32f4xx_ll_sdmmc.c.obj
                0x00000000080048fe                SDMMC_CmdSendSCR
 .text.SDMMC_CmdSendCID
                0x000000000800492e       0x2a CMakeFiles/VFDFFT-Firmware.elf.dir/Drivers/STM32F4xx_HAL_Driver/Src/stm32f4xx_ll_sdmmc.c.obj
                0x000000000800492e                SDMMC_CmdSendCID
 .text.SDMMC_CmdSendCSD
                0x0000000008004958       0x2a CMakeFiles/VFDFFT-Firmware.elf.dir/Drivers/STM32F4xx_HAL_Driver/Src/stm32f4xx_ll_sdmmc.c.obj
                0x0000000008004958                SDMMC_CmdSendCSD
 .text.SDMMC_CmdSetRelAdd
                0x0000000008004982       0x30 CMakeFiles/VFDFFT-Firmware.elf.dir/Drivers/STM32F4xx_HAL_Driver/Src/stm32f4xx_ll_sdmmc.c.obj
                0x0000000008004982                SDMMC_CmdSetRelAdd
 .text.SDMMC_CmdSendStatus
                0x00000000080049b2       0x30 CMakeFiles/VFDFFT-Firmware.elf.dir/Drivers/STM32F4xx_HAL_Driver/Src/stm32f4xx_ll_sdmmc.c.obj
                0x00000000080049b2                SDMMC_CmdSendStatus
 *fill*         0x00000000080049e2        0x2 
 .text.USB_CoreReset
                0x00000000080049e4       0x4c CMakeFiles/VFDFFT-Firmware.elf.dir/Drivers/STM32F4xx_HAL_Driver/Src/stm32f4xx_ll_usb.c.obj
 .text.USB_CoreInit
                0x0000000008004a30       0x8a CMakeFiles/VFDFFT-Firmware.elf.dir/Drivers/STM32F4xx_HAL_Driver/Src/stm32f4xx_ll_usb.c.obj
                0x0000000008004a30                USB_CoreInit
 .text.USB_DisableGlobalInt
                0x0000000008004aba        0xc CMakeFiles/VFDFFT-Firmware.elf.dir/Drivers/STM32F4xx_HAL_Driver/Src/stm32f4xx_ll_usb.c.obj
                0x0000000008004aba                USB_DisableGlobalInt
 *fill*         0x0000000008004ac6        0x2 
 .text.USB_FlushTxFifo
                0x0000000008004ac8       0x30 CMakeFiles/VFDFFT-Firmware.elf.dir/Drivers/STM32F4xx_HAL_Driver/Src/stm32f4xx_ll_usb.c.obj
                0x0000000008004ac8                USB_FlushTxFifo
 .text.USB_FlushRxFifo
                0x0000000008004af8       0x2c CMakeFiles/VFDFFT-Firmware.elf.dir/Drivers/STM32F4xx_HAL_Driver/Src/stm32f4xx_ll_usb.c.obj
                0x0000000008004af8                USB_FlushRxFifo
 .text.USB_GetMode
                0x0000000008004b24        0x8 CMakeFiles/VFDFFT-Firmware.elf.dir/Drivers/STM32F4xx_HAL_Driver/Src/stm32f4xx_ll_usb.c.obj
                0x0000000008004b24                USB_GetMode
 .text.USB_SetCurrentMode
                0x0000000008004b2c       0x62 CMakeFiles/VFDFFT-Firmware.elf.dir/Drivers/STM32F4xx_HAL_Driver/Src/stm32f4xx_ll_usb.c.obj
                0x0000000008004b2c                USB_SetCurrentMode
 *fill*         0x0000000008004b8e        0x2 
 .text.USB_HostInit
                0x0000000008004b90       0xdc CMakeFiles/VFDFFT-Firmware.elf.dir/Drivers/STM32F4xx_HAL_Driver/Src/stm32f4xx_ll_usb.c.obj
                0x0000000008004b90                USB_HostInit
 .text.Reset_Handler
                0x0000000008004c6c       0x50 CMakeFiles/VFDFFT-Firmware.elf.dir/startup/startup_stm32f446xx.s.obj
                0x0000000008004c6c                Reset_Handler
 .text.Default_Handler
                0x0000000008004cbc        0x2 CMakeFiles/VFDFFT-Firmware.elf.dir/startup/startup_stm32f446xx.s.obj
                0x0000000008004cbc                RTC_Alarm_IRQHandler
                0x0000000008004cbc                EXTI2_IRQHandler
                0x0000000008004cbc                TIM8_CC_IRQHandler
                0x0000000008004cbc                FMPI2C1_EV_IRQHandler
                0x0000000008004cbc                TIM1_CC_IRQHandler
                0x0000000008004cbc                DMA1_Stream5_IRQHandler
                0x0000000008004cbc                PVD_IRQHandler
                0x0000000008004cbc                TAMP_STAMP_IRQHandler
                0x0000000008004cbc                CAN2_RX1_IRQHandler
                0x0000000008004cbc                EXTI3_IRQHandler
                0x0000000008004cbc                TIM8_TRG_COM_TIM14_IRQHandler
                0x0000000008004cbc                TIM1_UP_TIM10_IRQHandler
                0x0000000008004cbc                TIM8_UP_TIM13_IRQHandler
                0x0000000008004cbc                I2C3_ER_IRQHandler
                0x0000000008004cbc                EXTI0_IRQHandler
                0x0000000008004cbc                I2C2_EV_IRQHandler
                0x0000000008004cbc                CAN1_RX0_IRQHandler
                0x0000000008004cbc                FPU_IRQHandler
                0x0000000008004cbc                OTG_HS_WKUP_IRQHandler
                0x0000000008004cbc                CAN2_SCE_IRQHandler
                0x0000000008004cbc                DMA2_Stream2_IRQHandler
                0x0000000008004cbc                TIM6_DAC_IRQHandler
                0x0000000008004cbc                TIM1_BRK_TIM9_IRQHandler
                0x0000000008004cbc                DCMI_IRQHandler
                0x0000000008004cbc                CAN2_RX0_IRQHandler
                0x0000000008004cbc                SAI2_IRQHandler
                0x0000000008004cbc                USART6_IRQHandler
                0x0000000008004cbc                USART3_IRQHandler
                0x0000000008004cbc                CAN1_RX1_IRQHandler
                0x0000000008004cbc                UART5_IRQHandler
                0x0000000008004cbc                DMA2_Stream0_IRQHandler
                0x0000000008004cbc                TIM4_IRQHandler
                0x0000000008004cbc                I2C1_EV_IRQHandler
                0x0000000008004cbc                DMA1_Stream6_IRQHandler
                0x0000000008004cbc                DMA1_Stream1_IRQHandler
                0x0000000008004cbc                TIM3_IRQHandler
                0x0000000008004cbc                RCC_IRQHandler
                0x0000000008004cbc                TIM8_BRK_TIM12_IRQHandler
                0x0000000008004cbc                Default_Handler
                0x0000000008004cbc                CEC_IRQHandler
                0x0000000008004cbc                EXTI15_10_IRQHandler
                0x0000000008004cbc                ADC_IRQHandler
                0x0000000008004cbc                DMA1_Stream7_IRQHandler
                0x0000000008004cbc                TIM7_IRQHandler
                0x0000000008004cbc                CAN2_TX_IRQHandler
                0x0000000008004cbc                TIM5_IRQHandler
                0x0000000008004cbc                I2C3_EV_IRQHandler
                0x0000000008004cbc                EXTI9_5_IRQHandler
                0x0000000008004cbc                RTC_WKUP_IRQHandler
                0x0000000008004cbc                SPDIF_RX_IRQHandler
                0x0000000008004cbc                OTG_HS_EP1_IN_IRQHandler
                0x0000000008004cbc                DMA1_Stream0_IRQHandler
                0x0000000008004cbc                CAN1_TX_IRQHandler
                0x0000000008004cbc                FMPI2C1_ER_IRQHandler
                0x0000000008004cbc                EXTI4_IRQHandler
                0x0000000008004cbc                OTG_HS_EP1_OUT_IRQHandler
                0x0000000008004cbc                WWDG_IRQHandler
                0x0000000008004cbc                TIM2_IRQHandler
                0x0000000008004cbc                OTG_FS_WKUP_IRQHandler
                0x0000000008004cbc                TIM1_TRG_COM_TIM11_IRQHandler
                0x0000000008004cbc                OTG_HS_IRQHandler
                0x0000000008004cbc                EXTI1_IRQHandler
                0x0000000008004cbc                USART2_IRQHandler
                0x0000000008004cbc                I2C2_ER_IRQHandler
                0x0000000008004cbc                CAN1_SCE_IRQHandler
                0x0000000008004cbc                FLASH_IRQHandler
                0x0000000008004cbc                DMA2_Stream4_IRQHandler
                0x0000000008004cbc                USART1_IRQHandler
                0x0000000008004cbc                OTG_FS_IRQHandler
                0x0000000008004cbc                SPI3_IRQHandler
                0x0000000008004cbc                I2C1_ER_IRQHandler
                0x0000000008004cbc                FMC_IRQHandler
                0x0000000008004cbc                DMA2_Stream6_IRQHandler
                0x0000000008004cbc                SAI1_IRQHandler
                0x0000000008004cbc                DMA1_Stream3_IRQHandler
 .text.__udivmoddi4
                0x0000000008004cbe      0x2a0 /usr/lib/gcc/arm-none-eabi/12.2.0/thumb/v7e-m/nofp/libgcc.a(_udivmoddi4.o)
                0x0000000008004cbe                __udivmoddi4
 *fill*         0x0000000008004f5e        0x2 
 .text.atexit   0x0000000008004f60        0xc /usr/lib/gcc/arm-none-eabi/12.2.0/../../../../arm-none-eabi/lib/thumb/v7e-m/nofp/libg.a(lib_a-atexit.o)
                0x0000000008004f60                atexit
 .text.__libc_fini_array
                0x0000000008004f6c       0x2c /usr/lib/gcc/arm-none-eabi/12.2.0/../../../../arm-none-eabi/lib/thumb/v7e-m/nofp/libg.a(lib_a-fini.o)
                0x0000000008004f6c                __libc_fini_array
 .text.__libc_init_array
                0x0000000008004f98       0x48 /usr/lib/gcc/arm-none-eabi/12.2.0/../../../../arm-none-eabi/lib/thumb/v7e-m/nofp/libg.a(lib_a-init.o)
                0x0000000008004f98                __libc_init_array
 .text.memset   0x0000000008004fe0       0xa4 /usr/lib/gcc/arm-none-eabi/12.2.0/../../../../arm-none-eabi/lib/thumb/v7e-m/nofp/libg.a(lib_a-memset.o)
                0x0000000008004fe0                memset
 .text.__register_exitproc
                0x0000000008005084       0x84 /usr/lib/gcc/arm-none-eabi/12.2.0/../../../../arm-none-eabi/lib/thumb/v7e-m/nofp/libg.a(lib_a-__atexit.o)
                0x0000000008005084                __register_exitproc
 .text.startup.register_fini
                0x0000000008005108       0x14 /usr/lib/gcc/arm-none-eabi/12.2.0/../../../../arm-none-eabi/lib/thumb/v7e-m/nofp/libg.a(lib_a-__call_atexit.o)
 .text.__retarget_lock_acquire_recursive
                0x000000000800511c        0x4 /usr/lib/gcc/arm-none-eabi/12.2.0/../../../../arm-none-eabi/lib/thumb/v7e-m/nofp/libg.a(lib_a-lock.o)
                0x000000000800511c                __retarget_lock_acquire_recursive
 .text.__retarget_lock_release_recursive
                0x0000000008005120        0x4 /usr/lib/gcc/arm-none-eabi/12.2.0/../../../../arm-none-eabi/lib/thumb/v7e-m/nofp/libg.a(lib_a-lock.o)
                0x0000000008005120                __retarget_lock_release_recursive
 *(.glue_7)
 .glue_7        0x0000000008005124        0x0 linker stubs
 *(.glue_7t)
 .glue_7t       0x0000000008005124        0x0 linker stubs
 *(.eh_frame)
 .eh_frame      0x0000000008005124        0x0 /usr/lib/gcc/arm-none-eabi/12.2.0/thumb/v7e-m/nofp/crtbegin.o
 *(.init)
 .init          0x0000000008005124        0x4 /usr/lib/gcc/arm-none-eabi/12.2.0/thumb/v7e-m/nofp/crti.o
                0x0000000008005124                _init
 .init          0x0000000008005128        0x8 /usr/lib/gcc/arm-none-eabi/12.2.0/thumb/v7e-m/nofp/crtn.o
 *(.fini)
 .fini          0x0000000008005130        0x4 /usr/lib/gcc/arm-none-eabi/12.2.0/thumb/v7e-m/nofp/crti.o
                0x0000000008005130                _fini
 .fini          0x0000000008005134        0x8 /usr/lib/gcc/arm-none-eabi/12.2.0/thumb/v7e-m/nofp/crtn.o
                0x000000000800513c                . = ALIGN (0x4)
                0x000000000800513c                _etext = .

.vfp11_veneer   0x000000000800513c        0x0
 .vfp11_veneer  0x000000000800513c        0x0 linker stubs

.v4_bx          0x000000000800513c        0x0
 .v4_bx         0x000000000800513c        0x0 linker stubs

.iplt           0x000000000800513c        0x0
 .iplt          0x000000000800513c        0x0 /usr/lib/gcc/arm-none-eabi/12.2.0/thumb/v7e-m/nofp/crtbegin.o

.rodata         0x000000000800513c       0x24
                0x000000000800513c                . = ALIGN (0x4)
 *(.rodata)
 *(.rodata*)
 .rodata.APBPrescTable
                0x000000000800513c        0x8 CMakeFiles/VFDFFT-Firmware.elf.dir/Core/Src/system_stm32f4xx.c.obj
                0x000000000800513c                APBPrescTable
 .rodata.AHBPrescTable
                0x0000000008005144       0x10 CMakeFiles/VFDFFT-Firmware.elf.dir/Core/Src/system_stm32f4xx.c.obj
                0x0000000008005144                AHBPrescTable
 .rodata.flagBitshiftOffset.0
                0x0000000008005154        0x8 CMakeFiles/VFDFFT-Firmware.elf.dir/Drivers/STM32F4xx_HAL_Driver/Src/stm32f4xx_hal_dma.c.obj
 .rodata._global_impure_ptr
                0x000000000800515c        0x4 /usr/lib/gcc/arm-none-eabi/12.2.0/../../../../arm-none-eabi/lib/thumb/v7e-m/nofp/libg.a(lib_a-impure.o)
                0x000000000800515c                _global_impure_ptr
                0x0000000008005160                . = ALIGN (0x4)

.ARM.extab
 *(.ARM.extab* .gnu.linkonce.armextab.*)

.ARM            0x0000000008005160        0x8
                0x0000000008005160                __exidx_start = .
 *(.ARM.exidx*)
 .ARM.exidx.text.__udivmoddi4
                0x0000000008005160        0x8 /usr/lib/gcc/arm-none-eabi/12.2.0/thumb/v7e-m/nofp/libgcc.a(_udivmoddi4.o)
                0x0000000008005168                __exidx_end = .

.rel.dyn        0x0000000008005168        0x0
 .rel.iplt      0x0000000008005168        0x0 /usr/lib/gcc/arm-none-eabi/12.2.0/thumb/v7e-m/nofp/crtbegin.o

.preinit_array  0x0000000008005168        0x0
                0x0000000008005168                PROVIDE (__preinit_array_start = .)
 *(.preinit_array*)
                0x0000000008005168                PROVIDE (__preinit_array_end = .)

.init_array     0x0000000008005168        0x8
                0x0000000008005168                PROVIDE (__init_array_start = .)
 *(SORT_BY_NAME(.init_array.*))
 .init_array.00000
                0x0000000008005168        0x4 /usr/lib/gcc/arm-none-eabi/12.2.0/../../../../arm-none-eabi/lib/thumb/v7e-m/nofp/libg.a(lib_a-__call_atexit.o)
 *(.init_array*)
 .init_array    0x000000000800516c        0x4 /usr/lib/gcc/arm-none-eabi/12.2.0/thumb/v7e-m/nofp/crtbegin.o
                0x0000000008005170                PROVIDE (__init_array_end = .)

.fini_array     0x0000000008005170        0x4
                0x0000000008005170                PROVIDE (__fini_array_start = .)
 *(SORT_BY_NAME(.fini_array.*))
 *(.fini_array*)
 .fini_array    0x0000000008005170        0x4 /usr/lib/gcc/arm-none-eabi/12.2.0/thumb/v7e-m/nofp/crtbegin.o
                0x0000000008005174                PROVIDE (__fini_array_end = .)
                0x0000000008005174                _sidata = LOADADDR (.data)

.data           0x0000000020000000      0x43c load address 0x0000000008005174
                0x0000000020000000                . = ALIGN (0x4)
                0x0000000020000000                _sdata = .
 *(.data)
 *(.data*)
 .data.SystemCoreClock
                0x0000000020000000        0x4 CMakeFiles/VFDFFT-Firmware.elf.dir/Core/Src/system_stm32f4xx.c.obj
                0x0000000020000000                SystemCoreClock
 .data.uwTickFreq
                0x0000000020000004        0x1 CMakeFiles/VFDFFT-Firmware.elf.dir/Drivers/STM32F4xx_HAL_Driver/Src/stm32f4xx_hal.c.obj
                0x0000000020000004                uwTickFreq
 *fill*         0x0000000020000005        0x3 
 .data.uwTickPrio
                0x0000000020000008        0x4 CMakeFiles/VFDFFT-Firmware.elf.dir/Drivers/STM32F4xx_HAL_Driver/Src/stm32f4xx_hal.c.obj
                0x0000000020000008                uwTickPrio
 *fill*         0x000000002000000c        0x4 
 .data.impure_data
                0x0000000020000010      0x428 /usr/lib/gcc/arm-none-eabi/12.2.0/../../../../arm-none-eabi/lib/thumb/v7e-m/nofp/libg.a(lib_a-impure.o)
 .data.__atexit_recursive_mutex
                0x0000000020000438        0x4 /usr/lib/gcc/arm-none-eabi/12.2.0/../../../../arm-none-eabi/lib/thumb/v7e-m/nofp/libg.a(lib_a-__call_atexit.o)
                0x0000000020000438                __atexit_recursive_mutex
                0x000000002000043c                . = ALIGN (0x4)
                0x000000002000043c                _edata = .

.igot.plt       0x000000002000043c        0x0 load address 0x00000000080055b0
 .igot.plt      0x000000002000043c        0x0 /usr/lib/gcc/arm-none-eabi/12.2.0/thumb/v7e-m/nofp/crtbegin.o
                0x000000002000043c                . = ALIGN (0x4)

.bss            0x000000002000043c      0x864 load address 0x00000000080055b0
                0x000000002000043c                _sbss = .
                0x000000002000043c                __bss_start__ = _sbss
 *(.bss)
 *(.bss*)
 .bss.completed.1
                0x000000002000043c        0x1 /usr/lib/gcc/arm-none-eabi/12.2.0/thumb/v7e-m/nofp/crtbegin.o
 *fill*         0x000000002000043d        0x3 
 .bss.object.0  0x0000000020000440       0x18 /usr/lib/gcc/arm-none-eabi/12.2.0/thumb/v7e-m/nofp/crtbegin.o
 .bss.hdac      0x0000000020000458       0x14 CMakeFiles/VFDFFT-Firmware.elf.dir/Core/Src/dac.c.obj
                0x0000000020000458                hdac
 .bss.hi2c2     0x000000002000046c       0x54 CMakeFiles/VFDFFT-Firmware.elf.dir/Core/Src/i2c.c.obj
                0x000000002000046c                hi2c2
 .bss.hi2c1     0x00000000200004c0       0x54 CMakeFiles/VFDFFT-Firmware.elf.dir/Core/Src/i2c.c.obj
                0x00000000200004c0                hi2c1
 .bss.hdma_spi2_tx
                0x0000000020000514       0x60 CMakeFiles/VFDFFT-Firmware.elf.dir/Core/Src/i2s.c.obj
                0x0000000020000514                hdma_spi2_tx
 .bss.hdma_spi1_tx
                0x0000000020000574       0x60 CMakeFiles/VFDFFT-Firmware.elf.dir/Core/Src/i2s.c.obj
                0x0000000020000574                hdma_spi1_tx
 .bss.hi2s2     0x00000000200005d4       0x48 CMakeFiles/VFDFFT-Firmware.elf.dir/Core/Src/i2s.c.obj
                0x00000000200005d4                hi2s2
 .bss.hi2s1     0x000000002000061c       0x48 CMakeFiles/VFDFFT-Firmware.elf.dir/Core/Src/i2s.c.obj
                0x000000002000061c                hi2s1
 .bss.hdma_quadspi
                0x0000000020000664       0x60 CMakeFiles/VFDFFT-Firmware.elf.dir/Core/Src/quadspi.c.obj
                0x0000000020000664                hdma_quadspi
 .bss.hqspi     0x00000000200006c4       0x4c CMakeFiles/VFDFFT-Firmware.elf.dir/Core/Src/quadspi.c.obj
                0x00000000200006c4                hqspi
 .bss.hdma_sdio
                0x0000000020000710       0x60 CMakeFiles/VFDFFT-Firmware.elf.dir/Core/Src/sdio.c.obj
                0x0000000020000710                hdma_sdio
 .bss.hsd       0x0000000020000770       0x84 CMakeFiles/VFDFFT-Firmware.elf.dir/Core/Src/sdio.c.obj
                0x0000000020000770                hsd
 .bss.hdma_spi4_tx
                0x00000000200007f4       0x60 CMakeFiles/VFDFFT-Firmware.elf.dir/Core/Src/spi.c.obj
                0x00000000200007f4                hdma_spi4_tx
 .bss.hspi4     0x0000000020000854       0x58 CMakeFiles/VFDFFT-Firmware.elf.dir/Core/Src/spi.c.obj
                0x0000000020000854                hspi4
 .bss.hdma_uart4_rx
                0x00000000200008ac       0x60 CMakeFiles/VFDFFT-Firmware.elf.dir/Core/Src/usart.c.obj
                0x00000000200008ac                hdma_uart4_rx
 .bss.huart1    0x000000002000090c       0x44 CMakeFiles/VFDFFT-Firmware.elf.dir/Core/Src/usart.c.obj
                0x000000002000090c                huart1
 .bss.huart4    0x0000000020000950       0x44 CMakeFiles/VFDFFT-Firmware.elf.dir/Core/Src/usart.c.obj
                0x0000000020000950                huart4
 .bss.hhcd_USB_OTG_HS
                0x0000000020000994      0x304 CMakeFiles/VFDFFT-Firmware.elf.dir/Core/Src/usb_otg.c.obj
                0x0000000020000994                hhcd_USB_OTG_HS
 .bss.uwTick    0x0000000020000c98        0x4 CMakeFiles/VFDFFT-Firmware.elf.dir/Drivers/STM32F4xx_HAL_Driver/Src/stm32f4xx_hal.c.obj
                0x0000000020000c98                uwTick
 .bss.__lock___atexit_recursive_mutex
                0x0000000020000c9c        0x1 /usr/lib/gcc/arm-none-eabi/12.2.0/../../../../arm-none-eabi/lib/thumb/v7e-m/nofp/libg.a(lib_a-lock.o)
                0x0000000020000c9c                __lock___atexit_recursive_mutex
 *(COMMON)
                0x0000000020000ca0                . = ALIGN (0x4)
 *fill*         0x0000000020000c9d        0x3 
                0x0000000020000ca0                _ebss = .
                0x0000000020000ca0                __bss_end__ = _ebss

._user_heap_stack
                0x0000000020000ca0      0x600 load address 0x00000000080055b0
                0x0000000020000ca0                . = ALIGN (0x8)
                0x0000000020000ca0                PROVIDE (end = .)
                [!provide]                        PROVIDE (_end = .)
                0x0000000020000ea0                . = (. + _Min_Heap_Size)
 *fill*         0x0000000020000ca0      0x200 
                0x00000000200012a0                . = (. + _Min_Stack_Size)
 *fill*         0x0000000020000ea0      0x400 
                0x00000000200012a0                . = ALIGN (0x8)

/DISCARD/
 libc.a(*)
 libm.a(*)
 libgcc.a(*)

.ARM.attributes
                0x0000000000000000       0x2a
 *(.ARM.attributes)
 .ARM.attributes
                0x0000000000000000       0x1e /usr/lib/gcc/arm-none-eabi/12.2.0/thumb/v7e-m/nofp/crti.o
 .ARM.attributes
                0x000000000000001e       0x2e /usr/lib/gcc/arm-none-eabi/12.2.0/thumb/v7e-m/nofp/crtbegin.o
 .ARM.attributes
                0x000000000000004c       0x2e CMakeFiles/VFDFFT-Firmware.elf.dir/Core/Src/dac.c.obj
 .ARM.attributes
                0x000000000000007a       0x2e CMakeFiles/VFDFFT-Firmware.elf.dir/Core/Src/dma.c.obj
 .ARM.attributes
                0x00000000000000a8       0x2e CMakeFiles/VFDFFT-Firmware.elf.dir/Core/Src/gpio.c.obj
 .ARM.attributes
                0x00000000000000d6       0x2e CMakeFiles/VFDFFT-Firmware.elf.dir/Core/Src/i2c.c.obj
 .ARM.attributes
                0x0000000000000104       0x2e CMakeFiles/VFDFFT-Firmware.elf.dir/Core/Src/i2s.c.obj
 .ARM.attributes
                0x0000000000000132       0x2e CMakeFiles/VFDFFT-Firmware.elf.dir/Core/Src/main.c.obj
 .ARM.attributes
                0x0000000000000160       0x2e CMakeFiles/VFDFFT-Firmware.elf.dir/Core/Src/quadspi.c.obj
 .ARM.attributes
                0x000000000000018e       0x2e CMakeFiles/VFDFFT-Firmware.elf.dir/Core/Src/sdio.c.obj
 .ARM.attributes
                0x00000000000001bc       0x2e CMakeFiles/VFDFFT-Firmware.elf.dir/Core/Src/spi.c.obj
 .ARM.attributes
                0x00000000000001ea       0x2e CMakeFiles/VFDFFT-Firmware.elf.dir/Core/Src/stm32f4xx_hal_msp.c.obj
 .ARM.attributes
                0x0000000000000218       0x2e CMakeFiles/VFDFFT-Firmware.elf.dir/Core/Src/stm32f4xx_it.c.obj
 .ARM.attributes
                0x0000000000000246       0x2e CMakeFiles/VFDFFT-Firmware.elf.dir/Core/Src/system_stm32f4xx.c.obj
 .ARM.attributes
                0x0000000000000274       0x2e CMakeFiles/VFDFFT-Firmware.elf.dir/Core/Src/usart.c.obj
 .ARM.attributes
                0x00000000000002a2       0x2e CMakeFiles/VFDFFT-Firmware.elf.dir/Core/Src/usb_otg.c.obj
 .ARM.attributes
                0x00000000000002d0       0x2e CMakeFiles/VFDFFT-Firmware.elf.dir/Drivers/STM32F4xx_HAL_Driver/Src/stm32f4xx_hal.c.obj
 .ARM.attributes
                0x00000000000002fe       0x2e CMakeFiles/VFDFFT-Firmware.elf.dir/Drivers/STM32F4xx_HAL_Driver/Src/stm32f4xx_hal_cortex.c.obj
 .ARM.attributes
                0x000000000000032c       0x2e CMakeFiles/VFDFFT-Firmware.elf.dir/Drivers/STM32F4xx_HAL_Driver/Src/stm32f4xx_hal_dac.c.obj
 .ARM.attributes
                0x000000000000035a       0x2e CMakeFiles/VFDFFT-Firmware.elf.dir/Drivers/STM32F4xx_HAL_Driver/Src/stm32f4xx_hal_dma.c.obj
 .ARM.attributes
                0x0000000000000388       0x2e CMakeFiles/VFDFFT-Firmware.elf.dir/Drivers/STM32F4xx_HAL_Driver/Src/stm32f4xx_hal_gpio.c.obj
 .ARM.attributes
                0x00000000000003b6       0x2e CMakeFiles/VFDFFT-Firmware.elf.dir/Drivers/STM32F4xx_HAL_Driver/Src/stm32f4xx_hal_hcd.c.obj
 .ARM.attributes
                0x00000000000003e4       0x2e CMakeFiles/VFDFFT-Firmware.elf.dir/Drivers/STM32F4xx_HAL_Driver/Src/stm32f4xx_hal_i2c.c.obj
 .ARM.attributes
                0x0000000000000412       0x2e CMakeFiles/VFDFFT-Firmware.elf.dir/Drivers/STM32F4xx_HAL_Driver/Src/stm32f4xx_hal_i2s.c.obj
 .ARM.attributes
                0x0000000000000440       0x2e CMakeFiles/VFDFFT-Firmware.elf.dir/Drivers/STM32F4xx_HAL_Driver/Src/stm32f4xx_hal_pwr_ex.c.obj
 .ARM.attributes
                0x000000000000046e       0x2e CMakeFiles/VFDFFT-Firmware.elf.dir/Drivers/STM32F4xx_HAL_Driver/Src/stm32f4xx_hal_qspi.c.obj
 .ARM.attributes
                0x000000000000049c       0x2e CMakeFiles/VFDFFT-Firmware.elf.dir/Drivers/STM32F4xx_HAL_Driver/Src/stm32f4xx_hal_rcc.c.obj
 .ARM.attributes
                0x00000000000004ca       0x2e CMakeFiles/VFDFFT-Firmware.elf.dir/Drivers/STM32F4xx_HAL_Driver/Src/stm32f4xx_hal_rcc_ex.c.obj
 .ARM.attributes
                0x00000000000004f8       0x2e CMakeFiles/VFDFFT-Firmware.elf.dir/Drivers/STM32F4xx_HAL_Driver/Src/stm32f4xx_hal_sd.c.obj
 .ARM.attributes
                0x0000000000000526       0x2e CMakeFiles/VFDFFT-Firmware.elf.dir/Drivers/STM32F4xx_HAL_Driver/Src/stm32f4xx_hal_spi.c.obj
 .ARM.attributes
                0x0000000000000554       0x2e CMakeFiles/VFDFFT-Firmware.elf.dir/Drivers/STM32F4xx_HAL_Driver/Src/stm32f4xx_hal_uart.c.obj
 .ARM.attributes
                0x0000000000000582       0x2e CMakeFiles/VFDFFT-Firmware.elf.dir/Drivers/STM32F4xx_HAL_Driver/Src/stm32f4xx_ll_sdmmc.c.obj
 .ARM.attributes
                0x00000000000005b0       0x2e CMakeFiles/VFDFFT-Firmware.elf.dir/Drivers/STM32F4xx_HAL_Driver/Src/stm32f4xx_ll_usb.c.obj
 .ARM.attributes
                0x00000000000005de       0x21 CMakeFiles/VFDFFT-Firmware.elf.dir/startup/startup_stm32f446xx.s.obj
 .ARM.attributes
                0x00000000000005ff       0x1e /usr/lib/gcc/arm-none-eabi/12.2.0/thumb/v7e-m/nofp/libgcc.a(_aeabi_uldivmod.o)
 .ARM.attributes
                0x000000000000061d       0x2e /usr/lib/gcc/arm-none-eabi/12.2.0/thumb/v7e-m/nofp/libgcc.a(_udivmoddi4.o)
 .ARM.attributes
                0x000000000000064b       0x1e /usr/lib/gcc/arm-none-eabi/12.2.0/thumb/v7e-m/nofp/libgcc.a(_dvmd_tls.o)
 .ARM.attributes
                0x0000000000000669       0x2e /usr/lib/gcc/arm-none-eabi/12.2.0/../../../../arm-none-eabi/lib/thumb/v7e-m/nofp/libg.a(lib_a-atexit.o)
 .ARM.attributes
                0x0000000000000697       0x2e /usr/lib/gcc/arm-none-eabi/12.2.0/../../../../arm-none-eabi/lib/thumb/v7e-m/nofp/libg.a(lib_a-fini.o)
 .ARM.attributes
                0x00000000000006c5       0x2e /usr/lib/gcc/arm-none-eabi/12.2.0/../../../../arm-none-eabi/lib/thumb/v7e-m/nofp/libg.a(lib_a-impure.o)
 .ARM.attributes
                0x00000000000006f3       0x2e /usr/lib/gcc/arm-none-eabi/12.2.0/../../../../arm-none-eabi/lib/thumb/v7e-m/nofp/libg.a(lib_a-init.o)
 .ARM.attributes
                0x0000000000000721       0x2e /usr/lib/gcc/arm-none-eabi/12.2.0/../../../../arm-none-eabi/lib/thumb/v7e-m/nofp/libg.a(lib_a-memset.o)
 .ARM.attributes
                0x000000000000074f       0x2e /usr/lib/gcc/arm-none-eabi/12.2.0/../../../../arm-none-eabi/lib/thumb/v7e-m/nofp/libg.a(lib_a-__atexit.o)
 .ARM.attributes
                0x000000000000077d       0x2e /usr/lib/gcc/arm-none-eabi/12.2.0/../../../../arm-none-eabi/lib/thumb/v7e-m/nofp/libg.a(lib_a-__call_atexit.o)
 .ARM.attributes
                0x00000000000007ab       0x2e /usr/lib/gcc/arm-none-eabi/12.2.0/../../../../arm-none-eabi/lib/thumb/v7e-m/nofp/libg.a(lib_a-lock.o)
 .ARM.attributes
                0x00000000000007d9       0x1e /usr/lib/gcc/arm-none-eabi/12.2.0/thumb/v7e-m/nofp/crtn.o
OUTPUT(VFDFFT-Firmware.elf elf32-littlearm)
LOAD linker stubs
LOAD /usr/lib/gcc/arm-none-eabi/12.2.0/../../../../arm-none-eabi/lib/thumb/v7e-m/nofp/libc.a
LOAD /usr/lib/gcc/arm-none-eabi/12.2.0/../../../../arm-none-eabi/lib/thumb/v7e-m/nofp/libm.a
LOAD /usr/lib/gcc/arm-none-eabi/12.2.0/thumb/v7e-m/nofp/libgcc.a

.debug_info     0x0000000000000000    0x244e8
 .debug_info    0x0000000000000000      0x95e CMakeFiles/VFDFFT-Firmware.elf.dir/Core/Src/dac.c.obj
 .debug_info    0x000000000000095e      0x644 CMakeFiles/VFDFFT-Firmware.elf.dir/Core/Src/dma.c.obj
 .debug_info    0x0000000000000fa2      0x59f CMakeFiles/VFDFFT-Firmware.elf.dir/Core/Src/gpio.c.obj
 .debug_info    0x0000000000001541      0xb2a CMakeFiles/VFDFFT-Firmware.elf.dir/Core/Src/i2c.c.obj
 .debug_info    0x000000000000206b     0x113b CMakeFiles/VFDFFT-Firmware.elf.dir/Core/Src/i2s.c.obj
 .debug_info    0x00000000000031a6      0x86b CMakeFiles/VFDFFT-Firmware.elf.dir/Core/Src/main.c.obj
 .debug_info    0x0000000000003a11      0xd9c CMakeFiles/VFDFFT-Firmware.elf.dir/Core/Src/quadspi.c.obj
 .debug_info    0x00000000000047ad      0xf1a CMakeFiles/VFDFFT-Firmware.elf.dir/Core/Src/sdio.c.obj
 .debug_info    0x00000000000056c7      0xd11 CMakeFiles/VFDFFT-Firmware.elf.dir/Core/Src/spi.c.obj
 .debug_info    0x00000000000063d8      0x295 CMakeFiles/VFDFFT-Firmware.elf.dir/Core/Src/stm32f4xx_hal_msp.c.obj
 .debug_info    0x000000000000666d     0x123e CMakeFiles/VFDFFT-Firmware.elf.dir/Core/Src/stm32f4xx_it.c.obj
 .debug_info    0x00000000000078ab      0x364 CMakeFiles/VFDFFT-Firmware.elf.dir/Core/Src/system_stm32f4xx.c.obj
 .debug_info    0x0000000000007c0f      0xd8d CMakeFiles/VFDFFT-Firmware.elf.dir/Core/Src/usart.c.obj
 .debug_info    0x000000000000899c      0xa35 CMakeFiles/VFDFFT-Firmware.elf.dir/Core/Src/usb_otg.c.obj
 .debug_info    0x00000000000093d1      0xa3c CMakeFiles/VFDFFT-Firmware.elf.dir/Drivers/STM32F4xx_HAL_Driver/Src/stm32f4xx_hal.c.obj
 .debug_info    0x0000000000009e0d      0xf9b CMakeFiles/VFDFFT-Firmware.elf.dir/Drivers/STM32F4xx_HAL_Driver/Src/stm32f4xx_hal_cortex.c.obj
 .debug_info    0x000000000000ada8      0xafc CMakeFiles/VFDFFT-Firmware.elf.dir/Drivers/STM32F4xx_HAL_Driver/Src/stm32f4xx_hal_dac.c.obj
 .debug_info    0x000000000000b8a4      0xad9 CMakeFiles/VFDFFT-Firmware.elf.dir/Drivers/STM32F4xx_HAL_Driver/Src/stm32f4xx_hal_dma.c.obj
 .debug_info    0x000000000000c37d      0x74c CMakeFiles/VFDFFT-Firmware.elf.dir/Drivers/STM32F4xx_HAL_Driver/Src/stm32f4xx_hal_gpio.c.obj
 .debug_info    0x000000000000cac9     0x1568 CMakeFiles/VFDFFT-Firmware.elf.dir/Drivers/STM32F4xx_HAL_Driver/Src/stm32f4xx_hal_hcd.c.obj
 .debug_info    0x000000000000e031     0x377a CMakeFiles/VFDFFT-Firmware.elf.dir/Drivers/STM32F4xx_HAL_Driver/Src/stm32f4xx_hal_i2c.c.obj
 .debug_info    0x00000000000117ab     0x10b0 CMakeFiles/VFDFFT-Firmware.elf.dir/Drivers/STM32F4xx_HAL_Driver/Src/stm32f4xx_hal_i2s.c.obj
 .debug_info    0x000000000001285b      0x7a6 CMakeFiles/VFDFFT-Firmware.elf.dir/Drivers/STM32F4xx_HAL_Driver/Src/stm32f4xx_hal_pwr_ex.c.obj
 .debug_info    0x0000000000013001     0x18f3 CMakeFiles/VFDFFT-Firmware.elf.dir/Drivers/STM32F4xx_HAL_Driver/Src/stm32f4xx_hal_qspi.c.obj
 .debug_info    0x00000000000148f4      0xaab CMakeFiles/VFDFFT-Firmware.elf.dir/Drivers/STM32F4xx_HAL_Driver/Src/stm32f4xx_hal_rcc.c.obj
 .debug_info    0x000000000001539f      0xc4f CMakeFiles/VFDFFT-Firmware.elf.dir/Drivers/STM32F4xx_HAL_Driver/Src/stm32f4xx_hal_rcc_ex.c.obj
 .debug_info    0x0000000000015fee     0x26db CMakeFiles/VFDFFT-Firmware.elf.dir/Drivers/STM32F4xx_HAL_Driver/Src/stm32f4xx_hal_sd.c.obj
 .debug_info    0x00000000000186c9     0x1d76 CMakeFiles/VFDFFT-Firmware.elf.dir/Drivers/STM32F4xx_HAL_Driver/Src/stm32f4xx_hal_spi.c.obj
 .debug_info    0x000000000001a43f     0x4074 CMakeFiles/VFDFFT-Firmware.elf.dir/Drivers/STM32F4xx_HAL_Driver/Src/stm32f4xx_hal_uart.c.obj
 .debug_info    0x000000000001e4b3     0x181f CMakeFiles/VFDFFT-Firmware.elf.dir/Drivers/STM32F4xx_HAL_Driver/Src/stm32f4xx_ll_sdmmc.c.obj
 .debug_info    0x000000000001fcd2     0x1da3 CMakeFiles/VFDFFT-Firmware.elf.dir/Drivers/STM32F4xx_HAL_Driver/Src/stm32f4xx_ll_usb.c.obj
 .debug_info    0x0000000000021a75       0x2e CMakeFiles/VFDFFT-Firmware.elf.dir/startup/startup_stm32f446xx.s.obj
 .debug_info    0x0000000000021aa3       0x24 /usr/lib/gcc/arm-none-eabi/12.2.0/thumb/v7e-m/nofp/libgcc.a(_aeabi_uldivmod.o)
 .debug_info    0x0000000000021ac7      0x6fd /usr/lib/gcc/arm-none-eabi/12.2.0/thumb/v7e-m/nofp/libgcc.a(_udivmoddi4.o)
 .debug_info    0x00000000000221c4       0x39 /usr/lib/gcc/arm-none-eabi/12.2.0/thumb/v7e-m/nofp/libgcc.a(_dvmd_tls.o)
 .debug_info    0x00000000000221fd      0x118 /usr/lib/gcc/arm-none-eabi/12.2.0/../../../../arm-none-eabi/lib/thumb/v7e-m/nofp/libg.a(lib_a-atexit.o)
 .debug_info    0x0000000000022315       0xf7 /usr/lib/gcc/arm-none-eabi/12.2.0/../../../../arm-none-eabi/lib/thumb/v7e-m/nofp/libg.a(lib_a-fini.o)
 .debug_info    0x000000000002240c      0x8c8 /usr/lib/gcc/arm-none-eabi/12.2.0/../../../../arm-none-eabi/lib/thumb/v7e-m/nofp/libg.a(lib_a-impure.o)
 .debug_info    0x0000000000022cd4      0x10b /usr/lib/gcc/arm-none-eabi/12.2.0/../../../../arm-none-eabi/lib/thumb/v7e-m/nofp/libg.a(lib_a-init.o)
 .debug_info    0x0000000000022ddf      0x135 /usr/lib/gcc/arm-none-eabi/12.2.0/../../../../arm-none-eabi/lib/thumb/v7e-m/nofp/libg.a(lib_a-memset.o)
 .debug_info    0x0000000000022f14      0x999 /usr/lib/gcc/arm-none-eabi/12.2.0/../../../../arm-none-eabi/lib/thumb/v7e-m/nofp/libg.a(lib_a-__atexit.o)
 .debug_info    0x00000000000238ad      0xa21 /usr/lib/gcc/arm-none-eabi/12.2.0/../../../../arm-none-eabi/lib/thumb/v7e-m/nofp/libg.a(lib_a-__call_atexit.o)
 .debug_info    0x00000000000242ce      0x21a /usr/lib/gcc/arm-none-eabi/12.2.0/../../../../arm-none-eabi/lib/thumb/v7e-m/nofp/libg.a(lib_a-lock.o)

.debug_abbrev   0x0000000000000000     0x5257
 .debug_abbrev  0x0000000000000000      0x211 CMakeFiles/VFDFFT-Firmware.elf.dir/Core/Src/dac.c.obj
 .debug_abbrev  0x0000000000000211      0x12d CMakeFiles/VFDFFT-Firmware.elf.dir/Core/Src/dma.c.obj
 .debug_abbrev  0x000000000000033e      0x164 CMakeFiles/VFDFFT-Firmware.elf.dir/Core/Src/gpio.c.obj
 .debug_abbrev  0x00000000000004a2      0x213 CMakeFiles/VFDFFT-Firmware.elf.dir/Core/Src/i2c.c.obj
 .debug_abbrev  0x00000000000006b5      0x241 CMakeFiles/VFDFFT-Firmware.elf.dir/Core/Src/i2s.c.obj
 .debug_abbrev  0x00000000000008f6      0x1e7 CMakeFiles/VFDFFT-Firmware.elf.dir/Core/Src/main.c.obj
 .debug_abbrev  0x0000000000000add      0x241 CMakeFiles/VFDFFT-Firmware.elf.dir/Core/Src/quadspi.c.obj
 .debug_abbrev  0x0000000000000d1e      0x246 CMakeFiles/VFDFFT-Firmware.elf.dir/Core/Src/sdio.c.obj
 .debug_abbrev  0x0000000000000f64      0x244 CMakeFiles/VFDFFT-Firmware.elf.dir/Core/Src/spi.c.obj
 .debug_abbrev  0x00000000000011a8       0xd6 CMakeFiles/VFDFFT-Firmware.elf.dir/Core/Src/stm32f4xx_hal_msp.c.obj
 .debug_abbrev  0x000000000000127e      0x1d0 CMakeFiles/VFDFFT-Firmware.elf.dir/Core/Src/stm32f4xx_it.c.obj
 .debug_abbrev  0x000000000000144e      0x120 CMakeFiles/VFDFFT-Firmware.elf.dir/Core/Src/system_stm32f4xx.c.obj
 .debug_abbrev  0x000000000000156e      0x247 CMakeFiles/VFDFFT-Firmware.elf.dir/Core/Src/usart.c.obj
 .debug_abbrev  0x00000000000017b5      0x236 CMakeFiles/VFDFFT-Firmware.elf.dir/Core/Src/usb_otg.c.obj
 .debug_abbrev  0x00000000000019eb      0x23f CMakeFiles/VFDFFT-Firmware.elf.dir/Drivers/STM32F4xx_HAL_Driver/Src/stm32f4xx_hal.c.obj
 .debug_abbrev  0x0000000000001c2a      0x39b CMakeFiles/VFDFFT-Firmware.elf.dir/Drivers/STM32F4xx_HAL_Driver/Src/stm32f4xx_hal_cortex.c.obj
 .debug_abbrev  0x0000000000001fc5      0x1f2 CMakeFiles/VFDFFT-Firmware.elf.dir/Drivers/STM32F4xx_HAL_Driver/Src/stm32f4xx_hal_dac.c.obj
 .debug_abbrev  0x00000000000021b7      0x2c0 CMakeFiles/VFDFFT-Firmware.elf.dir/Drivers/STM32F4xx_HAL_Driver/Src/stm32f4xx_hal_dma.c.obj
 .debug_abbrev  0x0000000000002477      0x202 CMakeFiles/VFDFFT-Firmware.elf.dir/Drivers/STM32F4xx_HAL_Driver/Src/stm32f4xx_hal_gpio.c.obj
 .debug_abbrev  0x0000000000002679      0x2c4 CMakeFiles/VFDFFT-Firmware.elf.dir/Drivers/STM32F4xx_HAL_Driver/Src/stm32f4xx_hal_hcd.c.obj
 .debug_abbrev  0x000000000000293d      0x2c3 CMakeFiles/VFDFFT-Firmware.elf.dir/Drivers/STM32F4xx_HAL_Driver/Src/stm32f4xx_hal_i2c.c.obj
 .debug_abbrev  0x0000000000002c00      0x255 CMakeFiles/VFDFFT-Firmware.elf.dir/Drivers/STM32F4xx_HAL_Driver/Src/stm32f4xx_hal_i2s.c.obj
 .debug_abbrev  0x0000000000002e55      0x1e6 CMakeFiles/VFDFFT-Firmware.elf.dir/Drivers/STM32F4xx_HAL_Driver/Src/stm32f4xx_hal_pwr_ex.c.obj
 .debug_abbrev  0x000000000000303b      0x278 CMakeFiles/VFDFFT-Firmware.elf.dir/Drivers/STM32F4xx_HAL_Driver/Src/stm32f4xx_hal_qspi.c.obj
 .debug_abbrev  0x00000000000032b3      0x2c6 CMakeFiles/VFDFFT-Firmware.elf.dir/Drivers/STM32F4xx_HAL_Driver/Src/stm32f4xx_hal_rcc.c.obj
 .debug_abbrev  0x0000000000003579      0x24f CMakeFiles/VFDFFT-Firmware.elf.dir/Drivers/STM32F4xx_HAL_Driver/Src/stm32f4xx_hal_rcc_ex.c.obj
 .debug_abbrev  0x00000000000037c8      0x2a7 CMakeFiles/VFDFFT-Firmware.elf.dir/Drivers/STM32F4xx_HAL_Driver/Src/stm32f4xx_hal_sd.c.obj
 .debug_abbrev  0x0000000000003a6f      0x27c CMakeFiles/VFDFFT-Firmware.elf.dir/Drivers/STM32F4xx_HAL_Driver/Src/stm32f4xx_hal_spi.c.obj
 .debug_abbrev  0x0000000000003ceb      0x328 CMakeFiles/VFDFFT-Firmware.elf.dir/Drivers/STM32F4xx_HAL_Driver/Src/stm32f4xx_hal_uart.c.obj
 .debug_abbrev  0x0000000000004013      0x224 CMakeFiles/VFDFFT-Firmware.elf.dir/Drivers/STM32F4xx_HAL_Driver/Src/stm32f4xx_ll_sdmmc.c.obj
 .debug_abbrev  0x0000000000004237      0x322 CMakeFiles/VFDFFT-Firmware.elf.dir/Drivers/STM32F4xx_HAL_Driver/Src/stm32f4xx_ll_usb.c.obj
 .debug_abbrev  0x0000000000004559       0x1d CMakeFiles/VFDFFT-Firmware.elf.dir/startup/startup_stm32f446xx.s.obj
 .debug_abbrev  0x0000000000004576       0x14 /usr/lib/gcc/arm-none-eabi/12.2.0/thumb/v7e-m/nofp/libgcc.a(_aeabi_uldivmod.o)
 .debug_abbrev  0x000000000000458a      0x16a /usr/lib/gcc/arm-none-eabi/12.2.0/thumb/v7e-m/nofp/libgcc.a(_udivmoddi4.o)
 .debug_abbrev  0x00000000000046f4       0x1f /usr/lib/gcc/arm-none-eabi/12.2.0/thumb/v7e-m/nofp/libgcc.a(_dvmd_tls.o)
 .debug_abbrev  0x0000000000004713       0xc1 /usr/lib/gcc/arm-none-eabi/12.2.0/../../../../arm-none-eabi/lib/thumb/v7e-m/nofp/libg.a(lib_a-atexit.o)
 .debug_abbrev  0x00000000000047d4       0xcc /usr/lib/gcc/arm-none-eabi/12.2.0/../../../../arm-none-eabi/lib/thumb/v7e-m/nofp/libg.a(lib_a-fini.o)
 .debug_abbrev  0x00000000000048a0      0x1ca /usr/lib/gcc/arm-none-eabi/12.2.0/../../../../arm-none-eabi/lib/thumb/v7e-m/nofp/libg.a(lib_a-impure.o)
 .debug_abbrev  0x0000000000004a6a       0xc9 /usr/lib/gcc/arm-none-eabi/12.2.0/../../../../arm-none-eabi/lib/thumb/v7e-m/nofp/libg.a(lib_a-init.o)
 .debug_abbrev  0x0000000000004b33       0xb7 /usr/lib/gcc/arm-none-eabi/12.2.0/../../../../arm-none-eabi/lib/thumb/v7e-m/nofp/libg.a(lib_a-memset.o)
 .debug_abbrev  0x0000000000004bea      0x272 /usr/lib/gcc/arm-none-eabi/12.2.0/../../../../arm-none-eabi/lib/thumb/v7e-m/nofp/libg.a(lib_a-__atexit.o)
 .debug_abbrev  0x0000000000004e5c      0x2e6 /usr/lib/gcc/arm-none-eabi/12.2.0/../../../../arm-none-eabi/lib/thumb/v7e-m/nofp/libg.a(lib_a-__call_atexit.o)
 .debug_abbrev  0x0000000000005142      0x115 /usr/lib/gcc/arm-none-eabi/12.2.0/../../../../arm-none-eabi/lib/thumb/v7e-m/nofp/libg.a(lib_a-lock.o)

.debug_loclists
                0x0000000000000000     0xf553
 .debug_loclists
                0x0000000000000000       0x5c CMakeFiles/VFDFFT-Firmware.elf.dir/Core/Src/dac.c.obj
 .debug_loclists
                0x000000000000005c       0x81 CMakeFiles/VFDFFT-Firmware.elf.dir/Core/Src/i2c.c.obj
 .debug_loclists
                0x00000000000000dd       0x52 CMakeFiles/VFDFFT-Firmware.elf.dir/Core/Src/i2s.c.obj
 .debug_loclists
                0x000000000000012f       0x52 CMakeFiles/VFDFFT-Firmware.elf.dir/Core/Src/quadspi.c.obj
 .debug_loclists
                0x0000000000000181       0x52 CMakeFiles/VFDFFT-Firmware.elf.dir/Core/Src/sdio.c.obj
 .debug_loclists
                0x00000000000001d3       0x50 CMakeFiles/VFDFFT-Firmware.elf.dir/Core/Src/spi.c.obj
 .debug_loclists
                0x0000000000000223       0xdb CMakeFiles/VFDFFT-Firmware.elf.dir/Core/Src/system_stm32f4xx.c.obj
 .debug_loclists
                0x00000000000002fe       0x7d CMakeFiles/VFDFFT-Firmware.elf.dir/Core/Src/usart.c.obj
 .debug_loclists
                0x000000000000037b       0x5c CMakeFiles/VFDFFT-Firmware.elf.dir/Core/Src/usb_otg.c.obj
 .debug_loclists
                0x00000000000003d7       0xc9 CMakeFiles/VFDFFT-Firmware.elf.dir/Drivers/STM32F4xx_HAL_Driver/Src/stm32f4xx_hal.c.obj
 .debug_loclists
                0x00000000000004a0      0x439 CMakeFiles/VFDFFT-Firmware.elf.dir/Drivers/STM32F4xx_HAL_Driver/Src/stm32f4xx_hal_cortex.c.obj
 .debug_loclists
                0x00000000000008d9      0x4a2 CMakeFiles/VFDFFT-Firmware.elf.dir/Drivers/STM32F4xx_HAL_Driver/Src/stm32f4xx_hal_dac.c.obj
 .debug_loclists
                0x0000000000000d7b      0x763 CMakeFiles/VFDFFT-Firmware.elf.dir/Drivers/STM32F4xx_HAL_Driver/Src/stm32f4xx_hal_dma.c.obj
 .debug_loclists
                0x00000000000014de      0x356 CMakeFiles/VFDFFT-Firmware.elf.dir/Drivers/STM32F4xx_HAL_Driver/Src/stm32f4xx_hal_gpio.c.obj
 .debug_loclists
                0x0000000000001834      0xb22 CMakeFiles/VFDFFT-Firmware.elf.dir/Drivers/STM32F4xx_HAL_Driver/Src/stm32f4xx_hal_hcd.c.obj
 .debug_loclists
                0x0000000000002356     0x2b66 CMakeFiles/VFDFFT-Firmware.elf.dir/Drivers/STM32F4xx_HAL_Driver/Src/stm32f4xx_hal_i2c.c.obj
 .debug_loclists
                0x0000000000004ebc      0x964 CMakeFiles/VFDFFT-Firmware.elf.dir/Drivers/STM32F4xx_HAL_Driver/Src/stm32f4xx_hal_i2s.c.obj
 .debug_loclists
                0x0000000000005820      0x14e CMakeFiles/VFDFFT-Firmware.elf.dir/Drivers/STM32F4xx_HAL_Driver/Src/stm32f4xx_hal_pwr_ex.c.obj
 .debug_loclists
                0x000000000000596e      0xd74 CMakeFiles/VFDFFT-Firmware.elf.dir/Drivers/STM32F4xx_HAL_Driver/Src/stm32f4xx_hal_qspi.c.obj
 .debug_loclists
                0x00000000000066e2      0x3a9 CMakeFiles/VFDFFT-Firmware.elf.dir/Drivers/STM32F4xx_HAL_Driver/Src/stm32f4xx_hal_rcc.c.obj
 .debug_loclists
                0x0000000000006a8b      0x9f2 CMakeFiles/VFDFFT-Firmware.elf.dir/Drivers/STM32F4xx_HAL_Driver/Src/stm32f4xx_hal_rcc_ex.c.obj
 .debug_loclists
                0x000000000000747d     0x1551 CMakeFiles/VFDFFT-Firmware.elf.dir/Drivers/STM32F4xx_HAL_Driver/Src/stm32f4xx_hal_sd.c.obj
 .debug_loclists
                0x00000000000089ce     0x13a3 CMakeFiles/VFDFFT-Firmware.elf.dir/Drivers/STM32F4xx_HAL_Driver/Src/stm32f4xx_hal_spi.c.obj
 .debug_loclists
                0x0000000000009d71     0x2be3 CMakeFiles/VFDFFT-Firmware.elf.dir/Drivers/STM32F4xx_HAL_Driver/Src/stm32f4xx_hal_uart.c.obj
 .debug_loclists
                0x000000000000c954      0xa02 CMakeFiles/VFDFFT-Firmware.elf.dir/Drivers/STM32F4xx_HAL_Driver/Src/stm32f4xx_ll_sdmmc.c.obj
 .debug_loclists
                0x000000000000d356     0x164a CMakeFiles/VFDFFT-Firmware.elf.dir/Drivers/STM32F4xx_HAL_Driver/Src/stm32f4xx_ll_usb.c.obj
 .debug_loclists
                0x000000000000e9a0      0x768 /usr/lib/gcc/arm-none-eabi/12.2.0/thumb/v7e-m/nofp/libgcc.a(_udivmoddi4.o)
 .debug_loclists
                0x000000000000f108       0x2a /usr/lib/gcc/arm-none-eabi/12.2.0/../../../../arm-none-eabi/lib/thumb/v7e-m/nofp/libg.a(lib_a-atexit.o)
 .debug_loclists
                0x000000000000f132       0x4c /usr/lib/gcc/arm-none-eabi/12.2.0/../../../../arm-none-eabi/lib/thumb/v7e-m/nofp/libg.a(lib_a-fini.o)
 .debug_loclists
                0x000000000000f17e       0x7a /usr/lib/gcc/arm-none-eabi/12.2.0/../../../../arm-none-eabi/lib/thumb/v7e-m/nofp/libg.a(lib_a-init.o)
 .debug_loclists
                0x000000000000f1f8      0x1a5 /usr/lib/gcc/arm-none-eabi/12.2.0/../../../../arm-none-eabi/lib/thumb/v7e-m/nofp/libg.a(lib_a-memset.o)
 .debug_loclists
                0x000000000000f39d       0x79 /usr/lib/gcc/arm-none-eabi/12.2.0/../../../../arm-none-eabi/lib/thumb/v7e-m/nofp/libg.a(lib_a-__atexit.o)
 .debug_loclists
                0x000000000000f416      0x11a /usr/lib/gcc/arm-none-eabi/12.2.0/../../../../arm-none-eabi/lib/thumb/v7e-m/nofp/libg.a(lib_a-__call_atexit.o)
 .debug_loclists
                0x000000000000f530       0x23 /usr/lib/gcc/arm-none-eabi/12.2.0/../../../../arm-none-eabi/lib/thumb/v7e-m/nofp/libg.a(lib_a-lock.o)

.debug_aranges  0x0000000000000000     0x17d8
 .debug_aranges
                0x0000000000000000       0x30 CMakeFiles/VFDFFT-Firmware.elf.dir/Core/Src/dac.c.obj
 .debug_aranges
                0x0000000000000030       0x20 CMakeFiles/VFDFFT-Firmware.elf.dir/Core/Src/dma.c.obj
 .debug_aranges
                0x0000000000000050       0x20 CMakeFiles/VFDFFT-Firmware.elf.dir/Core/Src/gpio.c.obj
 .debug_aranges
                0x0000000000000070       0x38 CMakeFiles/VFDFFT-Firmware.elf.dir/Core/Src/i2c.c.obj
 .debug_aranges
                0x00000000000000a8       0x38 CMakeFiles/VFDFFT-Firmware.elf.dir/Core/Src/i2s.c.obj
 .debug_aranges
                0x00000000000000e0       0x38 CMakeFiles/VFDFFT-Firmware.elf.dir/Core/Src/main.c.obj
 .debug_aranges
                0x0000000000000118       0x30 CMakeFiles/VFDFFT-Firmware.elf.dir/Core/Src/quadspi.c.obj
 .debug_aranges
                0x0000000000000148       0x30 CMakeFiles/VFDFFT-Firmware.elf.dir/Core/Src/sdio.c.obj
 .debug_aranges
                0x0000000000000178       0x30 CMakeFiles/VFDFFT-Firmware.elf.dir/Core/Src/spi.c.obj
 .debug_aranges
                0x00000000000001a8       0x20 CMakeFiles/VFDFFT-Firmware.elf.dir/Core/Src/stm32f4xx_hal_msp.c.obj
 .debug_aranges
                0x00000000000001c8       0xc0 CMakeFiles/VFDFFT-Firmware.elf.dir/Core/Src/stm32f4xx_it.c.obj
 .debug_aranges
                0x0000000000000288       0x28 CMakeFiles/VFDFFT-Firmware.elf.dir/Core/Src/system_stm32f4xx.c.obj
 .debug_aranges
                0x00000000000002b0       0x38 CMakeFiles/VFDFFT-Firmware.elf.dir/Core/Src/usart.c.obj
 .debug_aranges
                0x00000000000002e8       0x30 CMakeFiles/VFDFFT-Firmware.elf.dir/Core/Src/usb_otg.c.obj
 .debug_aranges
                0x0000000000000318       0xf0 CMakeFiles/VFDFFT-Firmware.elf.dir/Drivers/STM32F4xx_HAL_Driver/Src/stm32f4xx_hal.c.obj
 .debug_aranges
                0x0000000000000408       0xd8 CMakeFiles/VFDFFT-Firmware.elf.dir/Drivers/STM32F4xx_HAL_Driver/Src/stm32f4xx_hal_cortex.c.obj
 .debug_aranges
                0x00000000000004e0       0xc0 CMakeFiles/VFDFFT-Firmware.elf.dir/Drivers/STM32F4xx_HAL_Driver/Src/stm32f4xx_hal_dac.c.obj
 .debug_aranges
                0x00000000000005a0       0x90 CMakeFiles/VFDFFT-Firmware.elf.dir/Drivers/STM32F4xx_HAL_Driver/Src/stm32f4xx_hal_dma.c.obj
 .debug_aranges
                0x0000000000000630       0x58 CMakeFiles/VFDFFT-Firmware.elf.dir/Drivers/STM32F4xx_HAL_Driver/Src/stm32f4xx_hal_gpio.c.obj
 .debug_aranges
                0x0000000000000688       0xf8 CMakeFiles/VFDFFT-Firmware.elf.dir/Drivers/STM32F4xx_HAL_Driver/Src/stm32f4xx_hal_hcd.c.obj
 .debug_aranges
                0x0000000000000780      0x2a0 CMakeFiles/VFDFFT-Firmware.elf.dir/Drivers/STM32F4xx_HAL_Driver/Src/stm32f4xx_hal_i2c.c.obj
 .debug_aranges
                0x0000000000000a20      0x108 CMakeFiles/VFDFFT-Firmware.elf.dir/Drivers/STM32F4xx_HAL_Driver/Src/stm32f4xx_hal_i2s.c.obj
 .debug_aranges
                0x0000000000000b28       0x60 CMakeFiles/VFDFFT-Firmware.elf.dir/Drivers/STM32F4xx_HAL_Driver/Src/stm32f4xx_hal_pwr_ex.c.obj
 .debug_aranges
                0x0000000000000b88      0x170 CMakeFiles/VFDFFT-Firmware.elf.dir/Drivers/STM32F4xx_HAL_Driver/Src/stm32f4xx_hal_qspi.c.obj
 .debug_aranges
                0x0000000000000cf8       0x88 CMakeFiles/VFDFFT-Firmware.elf.dir/Drivers/STM32F4xx_HAL_Driver/Src/stm32f4xx_hal_rcc.c.obj
 .debug_aranges
                0x0000000000000d80       0x78 CMakeFiles/VFDFFT-Firmware.elf.dir/Drivers/STM32F4xx_HAL_Driver/Src/stm32f4xx_hal_rcc_ex.c.obj
 .debug_aranges
                0x0000000000000df8      0x168 CMakeFiles/VFDFFT-Firmware.elf.dir/Drivers/STM32F4xx_HAL_Driver/Src/stm32f4xx_hal_sd.c.obj
 .debug_aranges
                0x0000000000000f60      0x1d0 CMakeFiles/VFDFFT-Firmware.elf.dir/Drivers/STM32F4xx_HAL_Driver/Src/stm32f4xx_hal_spi.c.obj
 .debug_aranges
                0x0000000000001130      0x200 CMakeFiles/VFDFFT-Firmware.elf.dir/Drivers/STM32F4xx_HAL_Driver/Src/stm32f4xx_hal_uart.c.obj
 .debug_aranges
                0x0000000000001330      0x180 CMakeFiles/VFDFFT-Firmware.elf.dir/Drivers/STM32F4xx_HAL_Driver/Src/stm32f4xx_ll_sdmmc.c.obj
 .debug_aranges
                0x00000000000014b0      0x198 CMakeFiles/VFDFFT-Firmware.elf.dir/Drivers/STM32F4xx_HAL_Driver/Src/stm32f4xx_ll_usb.c.obj
 .debug_aranges
                0x0000000000001648       0x28 CMakeFiles/VFDFFT-Firmware.elf.dir/startup/startup_stm32f446xx.s.obj
 .debug_aranges
                0x0000000000001670       0x20 /usr/lib/gcc/arm-none-eabi/12.2.0/thumb/v7e-m/nofp/libgcc.a(_aeabi_uldivmod.o)
 .debug_aranges
                0x0000000000001690       0x20 /usr/lib/gcc/arm-none-eabi/12.2.0/thumb/v7e-m/nofp/libgcc.a(_udivmoddi4.o)
 .debug_aranges
                0x00000000000016b0       0x20 /usr/lib/gcc/arm-none-eabi/12.2.0/thumb/v7e-m/nofp/libgcc.a(_dvmd_tls.o)
 .debug_aranges
                0x00000000000016d0       0x20 /usr/lib/gcc/arm-none-eabi/12.2.0/../../../../arm-none-eabi/lib/thumb/v7e-m/nofp/libg.a(lib_a-atexit.o)
 .debug_aranges
                0x00000000000016f0       0x20 /usr/lib/gcc/arm-none-eabi/12.2.0/../../../../arm-none-eabi/lib/thumb/v7e-m/nofp/libg.a(lib_a-fini.o)
 .debug_aranges
                0x0000000000001710       0x18 /usr/lib/gcc/arm-none-eabi/12.2.0/../../../../arm-none-eabi/lib/thumb/v7e-m/nofp/libg.a(lib_a-impure.o)
 .debug_aranges
                0x0000000000001728       0x20 /usr/lib/gcc/arm-none-eabi/12.2.0/../../../../arm-none-eabi/lib/thumb/v7e-m/nofp/libg.a(lib_a-init.o)
 .debug_aranges
                0x0000000000001748       0x20 /usr/lib/gcc/arm-none-eabi/12.2.0/../../../../arm-none-eabi/lib/thumb/v7e-m/nofp/libg.a(lib_a-memset.o)
 .debug_aranges
                0x0000000000001768       0x20 /usr/lib/gcc/arm-none-eabi/12.2.0/../../../../arm-none-eabi/lib/thumb/v7e-m/nofp/libg.a(lib_a-__atexit.o)
 .debug_aranges
                0x0000000000001788       0x28 /usr/lib/gcc/arm-none-eabi/12.2.0/../../../../arm-none-eabi/lib/thumb/v7e-m/nofp/libg.a(lib_a-__call_atexit.o)
 .debug_aranges
                0x00000000000017b0       0x28 /usr/lib/gcc/arm-none-eabi/12.2.0/../../../../arm-none-eabi/lib/thumb/v7e-m/nofp/libg.a(lib_a-lock.o)

.debug_rnglists
                0x0000000000000000     0x1237
 .debug_rnglists
                0x0000000000000000       0x1f CMakeFiles/VFDFFT-Firmware.elf.dir/Core/Src/dac.c.obj
 .debug_rnglists
                0x000000000000001f       0x14 CMakeFiles/VFDFFT-Firmware.elf.dir/Core/Src/dma.c.obj
 .debug_rnglists
                0x0000000000000033       0x14 CMakeFiles/VFDFFT-Firmware.elf.dir/Core/Src/gpio.c.obj
 .debug_rnglists
                0x0000000000000047       0x26 CMakeFiles/VFDFFT-Firmware.elf.dir/Core/Src/i2c.c.obj
 .debug_rnglists
                0x000000000000006d       0x27 CMakeFiles/VFDFFT-Firmware.elf.dir/Core/Src/i2s.c.obj
 .debug_rnglists
                0x0000000000000094       0x26 CMakeFiles/VFDFFT-Firmware.elf.dir/Core/Src/main.c.obj
 .debug_rnglists
                0x00000000000000ba       0x20 CMakeFiles/VFDFFT-Firmware.elf.dir/Core/Src/quadspi.c.obj
 .debug_rnglists
                0x00000000000000da       0x20 CMakeFiles/VFDFFT-Firmware.elf.dir/Core/Src/sdio.c.obj
 .debug_rnglists
                0x00000000000000fa       0x20 CMakeFiles/VFDFFT-Firmware.elf.dir/Core/Src/spi.c.obj
 .debug_rnglists
                0x000000000000011a       0x13 CMakeFiles/VFDFFT-Firmware.elf.dir/Core/Src/stm32f4xx_hal_msp.c.obj
 .debug_rnglists
                0x000000000000012d       0x8b CMakeFiles/VFDFFT-Firmware.elf.dir/Core/Src/stm32f4xx_it.c.obj
 .debug_rnglists
                0x00000000000001b8       0x1a CMakeFiles/VFDFFT-Firmware.elf.dir/Core/Src/system_stm32f4xx.c.obj
 .debug_rnglists
                0x00000000000001d2       0x26 CMakeFiles/VFDFFT-Firmware.elf.dir/Core/Src/usart.c.obj
 .debug_rnglists
                0x00000000000001f8       0x1f CMakeFiles/VFDFFT-Firmware.elf.dir/Core/Src/usb_otg.c.obj
 .debug_rnglists
                0x0000000000000217       0xaf CMakeFiles/VFDFFT-Firmware.elf.dir/Drivers/STM32F4xx_HAL_Driver/Src/stm32f4xx_hal.c.obj
 .debug_rnglists
                0x00000000000002c6       0x9d CMakeFiles/VFDFFT-Firmware.elf.dir/Drivers/STM32F4xx_HAL_Driver/Src/stm32f4xx_hal_cortex.c.obj
 .debug_rnglists
                0x0000000000000363       0x8c CMakeFiles/VFDFFT-Firmware.elf.dir/Drivers/STM32F4xx_HAL_Driver/Src/stm32f4xx_hal_dac.c.obj
 .debug_rnglists
                0x00000000000003ef       0x6c CMakeFiles/VFDFFT-Firmware.elf.dir/Drivers/STM32F4xx_HAL_Driver/Src/stm32f4xx_hal_dma.c.obj
 .debug_rnglists
                0x000000000000045b       0x3f CMakeFiles/VFDFFT-Firmware.elf.dir/Drivers/STM32F4xx_HAL_Driver/Src/stm32f4xx_hal_gpio.c.obj
 .debug_rnglists
                0x000000000000049a       0xbd CMakeFiles/VFDFFT-Firmware.elf.dir/Drivers/STM32F4xx_HAL_Driver/Src/stm32f4xx_hal_hcd.c.obj
 .debug_rnglists
                0x0000000000000557      0x22f CMakeFiles/VFDFFT-Firmware.elf.dir/Drivers/STM32F4xx_HAL_Driver/Src/stm32f4xx_hal_i2c.c.obj
 .debug_rnglists
                0x0000000000000786       0xca CMakeFiles/VFDFFT-Firmware.elf.dir/Drivers/STM32F4xx_HAL_Driver/Src/stm32f4xx_hal_i2s.c.obj
 .debug_rnglists
                0x0000000000000850       0x44 CMakeFiles/VFDFFT-Firmware.elf.dir/Drivers/STM32F4xx_HAL_Driver/Src/stm32f4xx_hal_pwr_ex.c.obj
 .debug_rnglists
                0x0000000000000894      0x11d CMakeFiles/VFDFFT-Firmware.elf.dir/Drivers/STM32F4xx_HAL_Driver/Src/stm32f4xx_hal_qspi.c.obj
 .debug_rnglists
                0x00000000000009b1       0x75 CMakeFiles/VFDFFT-Firmware.elf.dir/Drivers/STM32F4xx_HAL_Driver/Src/stm32f4xx_hal_rcc.c.obj
 .debug_rnglists